Component: ARM Compiler 5.06 update 5 (build 528) Tool: armlink [4d35e2]

==============================================================================

Section Cross References

    startup_stm32f407xx.o(STACK) refers (Special) to heapauxi.o(.text) for __use_two_region_memory
    startup_stm32f407xx.o(HEAP) refers (Special) to heapauxi.o(.text) for __use_two_region_memory
    startup_stm32f407xx.o(RESET) refers (Special) to heapauxi.o(.text) for __use_two_region_memory
    startup_stm32f407xx.o(RESET) refers to startup_stm32f407xx.o(STACK) for __initial_sp
    startup_stm32f407xx.o(RESET) refers to startup_stm32f407xx.o(.text) for Reset_Handler
    startup_stm32f407xx.o(RESET) refers to stm32f4xx_it.o(i.NMI_Handler) for NMI_Handler
    startup_stm32f407xx.o(RESET) refers to stm32f4xx_it.o(i.HardFault_Handler) for HardFault_Handler
    startup_stm32f407xx.o(RESET) refers to stm32f4xx_it.o(i.MemManage_Handler) for MemManage_Handler
    startup_stm32f407xx.o(RESET) refers to stm32f4xx_it.o(i.BusFault_Handler) for BusFault_Handler
    startup_stm32f407xx.o(RESET) refers to stm32f4xx_it.o(i.UsageFault_Handler) for UsageFault_Handler
    startup_stm32f407xx.o(RESET) refers to port.o(.emb_text) for SVC_Handler
    startup_stm32f407xx.o(RESET) refers to stm32f4xx_it.o(i.DebugMon_Handler) for DebugMon_Handler
    startup_stm32f407xx.o(RESET) refers to cmsis_os2.o(i.SysTick_Handler) for SysTick_Handler
    startup_stm32f407xx.o(RESET) refers to stm32f4xx_it.o(i.CAN1_RX0_IRQHandler) for CAN1_RX0_IRQHandler
    startup_stm32f407xx.o(RESET) refers to stm32f4xx_it.o(i.USART1_IRQHandler) for USART1_IRQHandler
    startup_stm32f407xx.o(RESET) refers to stm32f4xx_it.o(i.USART2_IRQHandler) for USART2_IRQHandler
    startup_stm32f407xx.o(RESET) refers to stm32f4xx_it.o(i.TIM7_IRQHandler) for TIM7_IRQHandler
    startup_stm32f407xx.o(RESET) refers to stm32f4xx_it.o(i.DMA2_Stream7_IRQHandler) for DMA2_Stream7_IRQHandler
    startup_stm32f407xx.o(RESET) refers to stm32f4xx_it.o(i.USART6_IRQHandler) for USART6_IRQHandler
    startup_stm32f407xx.o(.text) refers (Special) to heapauxi.o(.text) for __use_two_region_memory
    startup_stm32f407xx.o(.text) refers to system_stm32f4xx.o(i.SystemInit) for SystemInit
    startup_stm32f407xx.o(.text) refers to __main.o(!!!main) for __main
    startup_stm32f407xx.o(.text) refers to startup_stm32f407xx.o(HEAP) for Heap_Mem
    startup_stm32f407xx.o(.text) refers to startup_stm32f407xx.o(STACK) for Stack_Mem
    main.o(i.HAL_TIM_PeriodElapsedCallback) refers to stm32f4xx_hal.o(i.HAL_IncTick) for HAL_IncTick
    main.o(i.SystemClock_Config) refers to rt_memclr_w.o(.text) for __aeabi_memclr4
    main.o(i.SystemClock_Config) refers to stm32f4xx_hal_rcc.o(i.HAL_RCC_OscConfig) for HAL_RCC_OscConfig
    main.o(i.SystemClock_Config) refers to stm32f4xx_hal_rcc.o(i.HAL_RCC_ClockConfig) for HAL_RCC_ClockConfig
    main.o(i.main) refers to stm32f4xx_hal.o(i.HAL_Init) for HAL_Init
    main.o(i.main) refers to main.o(i.SystemClock_Config) for SystemClock_Config
    main.o(i.main) refers to gpio.o(i.MX_GPIO_Init) for MX_GPIO_Init
    main.o(i.main) refers to dma.o(i.MX_DMA_Init) for MX_DMA_Init
    main.o(i.main) refers to can.o(i.MX_CAN1_Init) for MX_CAN1_Init
    main.o(i.main) refers to i2c.o(i.MX_I2C1_Init) for MX_I2C1_Init
    main.o(i.main) refers to usart.o(i.MX_USART1_UART_Init) for MX_USART1_UART_Init
    main.o(i.main) refers to usart.o(i.MX_USART2_UART_Init) for MX_USART2_UART_Init
    main.o(i.main) refers to adc.o(i.MX_ADC3_Init) for MX_ADC3_Init
    main.o(i.main) refers to tim.o(i.MX_TIM12_Init) for MX_TIM12_Init
    main.o(i.main) refers to usart.o(i.MX_USART6_UART_Init) for MX_USART6_UART_Init
    main.o(i.main) refers to tim.o(i.MX_TIM1_Init) for MX_TIM1_Init
    main.o(i.main) refers to tim.o(i.MX_TIM2_Init) for MX_TIM2_Init
    main.o(i.main) refers to tim.o(i.MX_TIM3_Init) for MX_TIM3_Init
    main.o(i.main) refers to tim.o(i.MX_TIM5_Init) for MX_TIM5_Init
    main.o(i.main) refers to cmsis_os2.o(i.osKernelInitialize) for osKernelInitialize
    main.o(i.main) refers to freertos.o(i.MX_FREERTOS_Init) for MX_FREERTOS_Init
    main.o(i.main) refers to cmsis_os2.o(i.osKernelStart) for osKernelStart
    gpio.o(i.MX_GPIO_Init) refers to rt_memclr_w.o(.text) for __aeabi_memclr4
    gpio.o(i.MX_GPIO_Init) refers to stm32f4xx_hal_gpio.o(i.HAL_GPIO_WritePin) for HAL_GPIO_WritePin
    gpio.o(i.MX_GPIO_Init) refers to stm32f4xx_hal_gpio.o(i.HAL_GPIO_Init) for HAL_GPIO_Init
    freertos.o(i.MX_FREERTOS_Init) refers to cmsis_os2.o(i.osMessageQueueNew) for osMessageQueueNew
    freertos.o(i.MX_FREERTOS_Init) refers to cmsis_os2.o(i.osThreadNew) for osThreadNew
    freertos.o(i.MX_FREERTOS_Init) refers to freertos.o(.constdata) for .constdata
    freertos.o(i.MX_FREERTOS_Init) refers to freertos.o(.data) for .data
    freertos.o(i.MX_FREERTOS_Init) refers to freertos.o(i.StartDefaultTask) for StartDefaultTask
[...]
    HAL_DMA_Start_IT                         0x080037d5   Thumb Code   110  stm32f4xx_hal_dma.o(i.HAL_DMA_Start_IT)
    HAL_Delay                                0x08003845   Thumb Code    32  stm32f4xx_hal.o(i.HAL_Delay)
    HAL_GPIO_Init                            0x08003869   Thumb Code   450  stm32f4xx_hal_gpio.o(i.HAL_GPIO_Init)
    HAL_GPIO_ReadPin                         0x08003a59   Thumb Code    10  stm32f4xx_hal_gpio.o(i.HAL_GPIO_ReadPin)
    HAL_GPIO_WritePin                        0x08003a63   Thumb Code    10  stm32f4xx_hal_gpio.o(i.HAL_GPIO_WritePin)
    HAL_GetTick                              0x08003a6d   Thumb Code     6  stm32f4xx_hal.o(i.HAL_GetTick)
    HAL_I2C_Init                             0x08003a79   Thumb Code   376  stm32f4xx_hal_i2c.o(i.HAL_I2C_Init)
    HAL_I2C_MspInit                          0x08003c01   Thumb Code    92  i2c.o(i.HAL_I2C_MspInit)
    HAL_IncTick                              0x08003c69   Thumb Code    12  stm32f4xx_hal.o(i.HAL_IncTick)
    HAL_Init                                 0x08003c79   Thumb Code    48  stm32f4xx_hal.o(i.HAL_Init)
    HAL_InitTick                             0x08003cad   Thumb Code   132  stm32f4xx_hal_timebase_tim.o(i.HAL_InitTick)
    HAL_MspInit                              0x08003d45   Thumb Code    52  stm32f4xx_hal_msp.o(i.HAL_MspInit)
    HAL_NVIC_EnableIRQ                       0x08003d7d   Thumb Code    26  stm32f4xx_hal_cortex.o(i.HAL_NVIC_EnableIRQ)
    HAL_NVIC_SetPriority                     0x08003d99   Thumb Code    60  stm32f4xx_hal_cortex.o(i.HAL_NVIC_SetPriority)
    HAL_NVIC_SetPriorityGrouping             0x08003dd9   Thumb Code    26  stm32f4xx_hal_cortex.o(i.HAL_NVIC_SetPriorityGrouping)
    HAL_RCC_ClockConfig                      0x08003dfd   Thumb Code   288  stm32f4xx_hal_rcc.o(i.HAL_RCC_ClockConfig)
    HAL_RCC_GetClockConfig                   0x08003f31   Thumb Code    54  stm32f4xx_hal_rcc.o(i.HAL_RCC_GetClockConfig)
    HAL_RCC_GetPCLK1Freq                     0x08003f71   Thumb Code    20  stm32f4xx_hal_rcc.o(i.HAL_RCC_GetPCLK1Freq)
    HAL_RCC_GetPCLK2Freq                     0x08003f91   Thumb Code    20  stm32f4xx_hal_rcc.o(i.HAL_RCC_GetPCLK2Freq)
    HAL_RCC_GetSysClockFreq                  0x08003fb1   Thumb Code    88  stm32f4xx_hal_rcc.o(i.HAL_RCC_GetSysClockFreq)
    HAL_RCC_OscConfig                        0x08004011   Thumb Code   856  stm32f4xx_hal_rcc.o(i.HAL_RCC_OscConfig)
    HAL_TIMEx_BreakCallback                  0x0800437d   Thumb Code     2  stm32f4xx_hal_tim_ex.o(i.HAL_TIMEx_BreakCallback)
    HAL_TIMEx_CommutCallback                 0x0800437f   Thumb Code     2  stm32f4xx_hal_tim_ex.o(i.HAL_TIMEx_CommutCallback)
    HAL_TIMEx_ConfigBreakDeadTime            0x08004381   Thumb Code    84  stm32f4xx_hal_tim_ex.o(i.HAL_TIMEx_ConfigBreakDeadTime)
    HAL_TIMEx_MasterConfigSynchronization    0x080043d5   Thumb Code   116  stm32f4xx_hal_tim_ex.o(i.HAL_TIMEx_MasterConfigSynchronization)
    HAL_TIM_Base_Init                        0x08004465   Thumb Code    90  stm32f4xx_hal_tim.o(i.HAL_TIM_Base_Init)
    HAL_TIM_Base_MspInit                     0x080044bf   Thumb Code     2  stm32f4xx_hal_tim.o(i.HAL_TIM_Base_MspInit)
    HAL_TIM_Base_Start_IT                    0x080044c1   Thumb Code   100  stm32f4xx_hal_tim.o(i.HAL_TIM_Base_Start_IT)
    HAL_TIM_IC_CaptureCallback               0x08004541   Thumb Code     2  stm32f4xx_hal_tim.o(i.HAL_TIM_IC_CaptureCallback)
    HAL_TIM_IRQHandler                       0x08004543   Thumb Code   304  stm32f4xx_hal_tim.o(i.HAL_TIM_IRQHandler)
    HAL_TIM_MspPostInit                      0x08004675   Thumb Code   268  tim.o(i.HAL_TIM_MspPostInit)
    HAL_TIM_OC_DelayElapsedCallback          0x080047a1   Thumb Code     2  stm32f4xx_hal_tim.o(i.HAL_TIM_OC_DelayElapsedCallback)
    HAL_TIM_PWM_ConfigChannel                0x080047a3   Thumb Code   204  stm32f4xx_hal_tim.o(i.HAL_TIM_PWM_ConfigChannel)
    HAL_TIM_PWM_Init                         0x0800486f   Thumb Code    90  stm32f4xx_hal_tim.o(i.HAL_TIM_PWM_Init)
    HAL_TIM_PWM_MspInit                      0x080048c9   Thumb Code   108  tim.o(i.HAL_TIM_PWM_MspInit)
    HAL_TIM_PWM_PulseFinishedCallback        0x08004949   Thumb Code     2  stm32f4xx_hal_tim.o(i.HAL_TIM_PWM_PulseFinishedCallback)
    HAL_TIM_PWM_Start                        0x0800494d   Thumb Code   172  stm32f4xx_hal_tim.o(i.HAL_TIM_PWM_Start)
    HAL_TIM_PeriodElapsedCallback            0x08004a15   Thumb Code    14  main.o(i.HAL_TIM_PeriodElapsedCallback)
    HAL_TIM_TriggerCallback                  0x08004a29   Thumb Code     2  stm32f4xx_hal_tim.o(i.HAL_TIM_TriggerCallback)
    HAL_UARTEx_RxEventCallback               0x08004a2b   Thumb Code     2  stm32f4xx_hal_uart.o(i.HAL_UARTEx_RxEventCallback)
    HAL_UART_ErrorCallback                   0x08004a2d   Thumb Code     2  stm32f4xx_hal_uart.o(i.HAL_UART_ErrorCallback)
    HAL_UART_IRQHandler                      0x08004a31   Thumb Code   618  stm32f4xx_hal_uart.o(i.HAL_UART_IRQHandler)
    HAL_UART_Init                            0x08004ca1   Thumb Code   100  stm32f4xx_hal_uart.o(i.HAL_UART_Init)
    HAL_UART_MspInit                         0x08004d05   Thumb Code   354  usart.o(i.HAL_UART_MspInit)
    HAL_UART_Receive_IT                      0x08004e91   Thumb Code    28  stm32f4xx_hal_uart.o(i.HAL_UART_Receive_IT)
    HAL_UART_RxCpltCallback                  0x08004ead   Thumb Code     2  stm32f4xx_hal_uart.o(i.HAL_UART_RxCpltCallback)
    HAL_UART_Transmit                        0x08004eaf   Thumb Code   160  stm32f4xx_hal_uart.o(i.HAL_UART_Transmit)
    HAL_UART_Transmit_DMA                    0x08004f51   Thumb Code   106  stm32f4xx_hal_uart.o(i.HAL_UART_Transmit_DMA)
    HAL_UART_TxCpltCallback                  0x08004fc9   Thumb Code     2  stm32f4xx_hal_uart.o(i.HAL_UART_TxCpltCallback)
    HAL_UART_TxHalfCpltCallback              0x08004fcb   Thumb Code     2  stm32f4xx_hal_uart.o(i.HAL_UART_TxHalfCpltCallback)
    HardFault_Handler                        0x08004fcd   Thumb Code     2  stm32f4xx_it.o(i.HardFault_Handler)
    MX_ADC3_Init                             0x08004fd1   Thumb Code   152  adc.o(i.MX_ADC3_Init)
    MX_CAN1_Init                             0x08005075   Thumb Code    60  can.o(i.MX_CAN1_Init)
    MX_DMA_Init                              0x080050b9   Thumb Code    56  dma.o(i.MX_DMA_Init)
    MX_FREERTOS_Init                         0x080050f5   Thumb Code   268  freertos.o(i.MX_FREERTOS_Init)
    MX_GPIO_Init                             0x08005245   Thumb Code   300  gpio.o(i.MX_GPIO_Init)
    MX_I2C1_Init                             0x08005389   Thumb Code    50  i2c.o(i.MX_I2C1_Init)
    MX_TIM12_Init                            0x080053c9   Thumb Code    84  tim.o(i.MX_TIM12_Init)
    MX_TIM1_Init                             0x08005425   Thumb Code   202  tim.o(i.MX_TIM1_Init)
    MX_TIM2_Init                             0x080054f9   Thumb Code   124  tim.o(i.MX_TIM2_Init)
    MX_TIM3_Init                             0x08005579   Thumb Code   138  tim.o(i.MX_TIM3_Init)
    MX_TIM5_Init                             0x0800560d   Thumb Code   104  tim.o(i.MX_TIM5_Init)
    MX_USART1_UART_Init                      0x0800567d   Thumb Code    48  usart.o(i.MX_USART1_UART_Init)
    MX_USART2_UART_Init                      0x080056b5   Thumb Code    48  usart.o(i.MX_USART2_UART_Init)
    MX_USART6_UART_Init                      0x080056ed   Thumb Code    48  usart.o(i.MX_USART6_UART_Init)
    MemManage_Handler                        0x08005725   Thumb Code     2  stm32f4xx_it.o(i.MemManage_Handler)
    NMI_Handler                              0x08005727   Thumb Code     2  stm32f4xx_it.o(i.NMI_Handler)
    OLED_Clear                               0x08005729   Thumb Code    34  oled.o(i.OLED_Clear)
    OLED_GPIO_Init                           0x08005751   Thumb Code    90  oled.o(i.OLED_GPIO_Init)
    OLED_I2C_SendByte                        0x080057b5   Thumb Code    58  oled.o(i.OLED_I2C_SendByte)
    OLED_I2C_Start                           0x080057ef   Thumb Code    30  oled.o(i.OLED_I2C_Start)
    OLED_I2C_Stop                            0x0800580d   Thumb Code    24  oled.o(i.OLED_I2C_Stop)
    OLED_Init                                0x08005825   Thumb Code   156  oled.o(i.OLED_Init)
    OLED_SetCursor                           0x080058c1   Thumb Code    34  oled.o(i.OLED_SetCursor)
    OLED_Update                              0x080058e5   Thumb Code    34  oled.o(i.OLED_Update)
    OLED_W_SCL                               0x0800590d   Thumb Code    24  oled.o(i.OLED_W_SCL)
    OLED_W_SDA                               0x08005929   Thumb Code    24  oled.o(i.OLED_W_SDA)
    OLED_WriteCommand                        0x08005945   Thumb Code    34  oled.o(i.OLED_WriteCommand)
    OLED_WriteData                           0x08005967   Thumb Code    48  oled.o(i.OLED_WriteData)
    Others_Init                              0x08005999   Thumb Code   302  others.o(i.Others_Init)
    Serial_Printf                            0x08005af1   Thumb Code    54  serial.o(i.Serial_Printf)
    StartBuzzer                              0x08005b31   Thumb Code   166  buzzer.o(i.StartBuzzer)
    StartChassis_AngleLoop                   0x08005be5   Thumb Code    18  chassis.o(i.StartChassis_AngleLoop)
    StartChassis_SpeedLoop                   0x08005bf9   Thumb Code   100  c610.o(i.StartChassis_SpeedLoop)
    StartDefaultTask                         0x08005c61   Thumb Code     8  freertos.o(i.StartDefaultTask)
    StartLaunch                              0x08005c69   Thumb Code   106  others.o(i.StartLaunch)
    StartMechArm                             0x08005ce1   Thumb Code   462  others.o(i.StartMechArm)
    StartMy_Init                             0x08005ed5   Thumb Code   154  chassis.o(i.StartMy_Init)
    StartStatus_Monitor                      0x08005fa1   Thumb Code   210  monitor.o(i.StartStatus_Monitor)
    StartSteppingMotor                       0x08006099   Thumb Code   122  others.o(i.StartSteppingMotor)
    StartUI_BLEarm                           0x08006125   Thumb Code   244  interaction.o(i.StartUI_BLEarm)
    StartUI_BLErocker                        0x0800622d   Thumb Code   502  interaction.o(i.StartUI_BLErocker)
    StartUI_Cmp                              0x08006445   Thumb Code  1594  interaction.o(i.StartUI_Cmp)
    StartUI_CmpTra                           0x08006a89   Thumb Code    26  interaction.o(i.StartUI_CmpTra)
    StartUI_OLED                             0x08006aa3   Thumb Code     8  freertos.o(i.StartUI_OLED)
    SysTick_Handler                          0x08006aab   Thumb Code    26  cmsis_os2.o(i.SysTick_Handler)
    SystemClock_Config                       0x08006ac5   Thumb Code   142  main.o(i.SystemClock_Config)
    SystemInit                               0x08006b5d   Thumb Code    12  system_stm32f4xx.o(i.SystemInit)
    TIM7_IRQHandler                          0x08006b6d   Thumb Code     6  stm32f4xx_it.o(i.TIM7_IRQHandler)
    TIM_Base_SetConfig                       0x08006b79   Thumb Code   170  stm32f4xx_hal_tim.o(i.TIM_Base_SetConfig)
    TIM_CCxChannelCmd                        0x08006c51   Thumb Code    26  stm32f4xx_hal_tim.o(i.TIM_CCxChannelCmd)
    TIM_OC2_SetConfig                        0x08006ccd   Thumb Code    98  stm32f4xx_hal_tim.o(i.TIM_OC2_SetConfig)
    UART_Start_Receive_IT                    0x080070d1   Thumb Code    54  stm32f4xx_hal_uart.o(i.UART_Start_Receive_IT)
    UI_CmpPrintf                             0x08007179   Thumb Code   664  interaction.o(i.UI_CmpPrintf)
    USART1_IRQHandler                        0x0800763d   Thumb Code   110  stm32f4xx_it.o(i.USART1_IRQHandler)
    USART2_IRQHandler                        0x080076bd   Thumb Code   110  stm32f4xx_it.o(i.USART2_IRQHandler)
    USART6_IRQHandler                        0x0800773d   Thumb Code   110  stm32f4xx_it.o(i.USART6_IRQHandler)
    UsageFault_Handler                       0x080077bd   Thumb Code     2  stm32f4xx_it.o(i.UsageFault_Handler)
    __ARM_fpclassify                         0x080077bf   Thumb Code    48  fpclassify.o(i.__ARM_fpclassify)
    _is_digit                                0x0800780f   Thumb Code    14  __printf_wp.o(i._is_digit)
    main                                     0x0800781d   Thumb Code    74  main.o(i.main)
    osDelay                                  0x08007867   Thumb Code    26  cmsis_os2.o(i.osDelay)
    osKernelInitialize                       0x08007881   Thumb Code    32  cmsis_os2.o(i.osKernelInitialize)
    osKernelStart                            0x080078a5   Thumb Code    48  cmsis_os2.o(i.osKernelStart)
    osMessageQueueNew                        0x080078dd   Thumb Code    88  cmsis_os2.o(i.osMessageQueueNew)
    osThreadNew                              0x08007935   Thumb Code   138  cmsis_os2.o(i.osThreadNew)
    pvPortMalloc                             0x08008155   Thumb Code   216  heap_4.o(i.pvPortMalloc)
    pxPortInitialiseStack                    0x08008231   Thumb Code    40  port.o(i.pxPortInitialiseStack)
    uxListRemove                             0x0800825d   Thumb Code    38  list.o(i.uxListRemove)
    vApplicationGetIdleTaskMemory            0x08008285   Thumb Code    16  cmsis_os2.o(i.vApplicationGetIdleTaskMemory)
    vApplicationGetTimerTaskMemory           0x08008299   Thumb Code    18  cmsis_os2.o(i.vApplicationGetTimerTaskMemory)
    vListInitialise                          0x080082b1   Thumb Code    22  list.o(i.vListInitialise)
    vListInitialiseItem                      0x080082c7   Thumb Code     6  list.o(i.vListInitialiseItem)
    vListInsert                              0x080082cd   Thumb Code    48  list.o(i.vListInsert)
    vListInsertEnd                           0x080082fd   Thumb Code    24  list.o(i.vListInsertEnd)
    vPortEnterCritical                       0x08008315   Thumb Code    54  port.o(i.vPortEnterCritical)
    vPortExitCritical                        0x08008355   Thumb Code    34  port.o(i.vPortExitCritical)
    vPortFree                                0x0800837d   Thumb Code    94  heap_4.o(i.vPortFree)
    vPortSetupTimerInterrupt                 0x080083e1   Thumb Code    32  port.o(i.vPortSetupTimerInterrupt)
    vPortValidateInterruptPriority           0x08008405   Thumb Code    74  port.o(i.vPortValidateInterruptPriority)
    vQueueAddToRegistry                      0x08008459   Thumb Code    34  queue.o(i.vQueueAddToRegistry)
    vQueueWaitForMessageRestricted           0x08008481   Thumb Code    68  queue.o(i.vQueueWaitForMessageRestricted)
    vTaskDelay                               0x080084c5   Thumb Code    66  tasks.o(i.vTaskDelay)
    vTaskDelayUntil                          0x08008511   Thumb Code   132  tasks.o(i.vTaskDelayUntil)
    vTaskDelete                              0x0800859d   Thumb Code   130  tasks.o(i.vTaskDelete)
    vTaskInternalSetTimeOutState             0x0800862d   Thumb Code    12  tasks.o(i.vTaskInternalSetTimeOutState)
    vTaskMissedYield                         0x0800863d   Thumb Code     8  tasks.o(i.vTaskMissedYield)
    vTaskPlaceOnEventList                    0x08008649   Thumb Code    44  tasks.o(i.vTaskPlaceOnEventList)
    vTaskPlaceOnEventListRestricted          0x08008679   Thumb Code    52  tasks.o(i.vTaskPlaceOnEventListRestricted)
    vTaskStartScheduler                      0x080086b1   Thumb Code   118  tasks.o(i.vTaskStartScheduler)
    vTaskSuspendAll                          0x08008739   Thumb Code    10  tasks.o(i.vTaskSuspendAll)
    vTaskSwitchContext                       0x08008749   Thumb Code    90  tasks.o(i.vTaskSwitchContext)
    xPortStartScheduler                      0x080087ad   Thumb Code   222  port.o(i.xPortStartScheduler)
    xPortSysTickHandler                      0x080088a1   Thumb Code    38  port.o(i.xPortSysTickHandler)
    xQueueGenericCreate                      0x080088cd   Thumb Code    66  queue.o(i.xQueueGenericCreate)
    xQueueGenericCreateStatic                0x0800890f   Thumb Code   102  queue.o(i.xQueueGenericCreateStatic)
    xQueueGenericReset                       0x08008975   Thumb Code   132  queue.o(i.xQueueGenericReset)
    xQueueGenericSend                        0x080089fd   Thumb Code   346  queue.o(i.xQueueGenericSend)
    xQueueGenericSendFromISR                 0x08008b5d   Thumb Code   190  queue.o(i.xQueueGenericSendFromISR)
    xQueueReceive                            0x08008c1d   Thumb Code   308  queue.o(i.xQueueReceive)
    xTaskCheckForTimeOut                     0x08008d55   Thumb Code   112  tasks.o(i.xTaskCheckForTimeOut)
    xTaskCreate                              0x08008dc9   Thumb Code    90  tasks.o(i.xTaskCreate)
    xTaskCreateStatic                        0x08008e23   Thumb Code    86  tasks.o(i.xTaskCreateStatic)
    xTaskGetSchedulerState                   0x08008e79   Thumb Code    22  tasks.o(i.xTaskGetSchedulerState)
    xTaskGetTickCount                        0x08008e95   Thumb Code     6  tasks.o(i.xTaskGetTickCount)
    xTaskIncrementTick                       0x08008ea1   Thumb Code   192  tasks.o(i.xTaskIncrementTick)
    xTaskPriorityDisinherit                  0x08008f69   Thumb Code   118  tasks.o(i.xTaskPriorityDisinherit)
    xTaskRemoveFromEventList                 0x08008fe9   Thumb Code    98  tasks.o(i.xTaskRemoveFromEventList)
    xTaskResumeAll                           0x08009059   Thumb Code   182  tasks.o(i.xTaskResumeAll)
    xTimerCreateTimerTask                    0x0800911d   Thumb Code    78  timers.o(i.xTimerCreateTimerTask)
    xTimerGenericCommand                     0x0800917d   Thumb Code    98  timers.o(i.xTimerGenericCommand)
    _get_lc_numeric                          0x080091e5   Thumb Code    44  lc_numeric_c.o(locale$$code)
    _get_lc_ctype                            0x08009211   Thumb Code    44  lc_ctype_c.o(locale$$code)
    __aeabi_d2f                              0x0800923d   Thumb Code     0  d2f.o(x$fpl$d2f)
    _d2f                                     0x0800923d   Thumb Code    98  d2f.o(x$fpl$d2f)
    __aeabi_dadd                             0x080092a1   Thumb Code     0  daddsub_clz.o(x$fpl$dadd)
    _dadd                                    0x080092a1   Thumb Code   332  daddsub_clz.o(x$fpl$dadd)
    __fpl_dcmp_Inf                           0x080093f1   Thumb Code    24  dcmpi.o(x$fpl$dcmpinf)
    __aeabi_ddiv                             0x08009409   Thumb Code     0  ddiv.o(x$fpl$ddiv)
    _ddiv                                    0x08009409   Thumb Code   552  ddiv.o(x$fpl$ddiv)
    __aeabi_ui2d                             0x080096b9   Thumb Code     0  dflt_clz.o(x$fpl$dfltu)
    _dfltu                                   0x080096b9   Thumb Code    38  dflt_clz.o(x$fpl$dfltu)
    __aeabi_cdcmple                          0x080096e1   Thumb Code     0  dleqf.o(x$fpl$dleqf)
    _dcmple                                  0x080096e1   Thumb Code   120  dleqf.o(x$fpl$dleqf)
    __fpl_dcmple_InfNaN                      0x08009743   Thumb Code     0  dleqf.o(x$fpl$dleqf)
    __aeabi_dmul                             0x08009759   Thumb Code     0  dmul.o(x$fpl$dmul)
    _dmul                                    0x08009759   Thumb Code   332  dmul.o(x$fpl$dmul)
    __fpl_dnaninf                            0x080098ad   Thumb Code   156  dnaninf.o(x$fpl$dnaninf)
    __fpl_dretinf                            0x08009949   Thumb Code    12  dretinf.o(x$fpl$dretinf)
    __aeabi_cdrcmple                         0x08009955   Thumb Code     0  drleqf.o(x$fpl$drleqf)
    _drcmple                                 0x08009955   Thumb Code   108  drleqf.o(x$fpl$drleqf)
    __aeabi_dsub                             0x080099c1   Thumb Code     0  daddsub_clz.o(x$fpl$dsub)
    _dsub                                    0x080099c1   Thumb Code   464  daddsub_clz.o(x$fpl$dsub)
    __aeabi_f2d                              0x08009b95   Thumb Code     0  f2d.o(x$fpl$f2d)
    _f2d                                     0x08009b95   Thumb Code    86  f2d.o(x$fpl$f2d)
    __fpl_fnaninf                            0x08009beb   Thumb Code   140  fnaninf.o(x$fpl$fnaninf)
    _fp_init                                 0x08009c77   Thumb Code    10  fpinit.o(x$fpl$fpinit)
    __fplib_config_fpu_vfp                   0x08009c7f   Thumb Code     0  fpinit.o(x$fpl$fpinit)
    __fplib_config_pureend_doubles           0x08009c7f   Thumb Code     0  fpinit.o(x$fpl$fpinit)
    __fpl_fretinf                            0x08009c81   Thumb Code    10  fretinf.o(x$fpl$fretinf)
    _printf_fp_dec                           0x08009c8b   Thumb Code     4  printf1.o(x$fpl$printf1)
    _printf_fp_hex                           0x08009c8f   Thumb Code     4  printf2.o(x$fpl$printf2)
    __I$use$fp                               0x08009c92   Number         0  usenofp.o(x$fpl$usenofp)
    defaultTask_attributes                   0x08009c94   Data          36  freertos.o(.constdata)
    Chassis_AngleLoop_attributes             0x08009cb8   Data          36  freertos.o(.constdata)
    My_Init_attributes                       0x08009cdc   Data          36  freertos.o(.constdata)
    UI_Cmp_attributes                        0x08009d00   Data          36  freertos.o(.constdata)
    UI_BLErocker_attributes                  0x08009d24   Data          36  freertos.o(.constdata)
    UI_BLEarm_attributes                     0x08009d48   Data          36  freertos.o(.constdata)
    UI_OLED_attributes                       0x08009d6c   Data          36  freertos.o(.constdata)
    Status_Monitor_attributes                0x08009d90   Data          36  freertos.o(.constdata)
    Chassis_SpeedLoop_attributes             0x08009db4   Data          36  freertos.o(.constdata)
    UI_CmpTra_attributes                     0x08009dd8   Data          36  freertos.o(.constdata)
    Buzzer_attributes                        0x08009dfc   Data          36  freertos.o(.constdata)
    SteppingMotor_attributes                 0x08009e20   Data          36  freertos.o(.constdata)
    MechArm_attributes                       0x08009e44   Data          36  freertos.o(.constdata)
    Launch_attributes                        0x08009e68   Data          36  freertos.o(.constdata)
    BLErockerRec_attributes                  0x08009e8c   Data          24  freertos.o(.constdata)
    BLEarmRec_attributes                     0x08009ea4   Data          24  freertos.o(.constdata)
    CmpRec_attributes                        0x08009ebc   Data          24  freertos.o(.constdata)
    TestRec_attributes                       0x08009ed4   Data          24  freertos.o(.constdata)
    TmpArmRec_attributes                     0x08009eec   Data          24  freertos.o(.constdata)
    AHBPrescTable                            0x08009f0c   Data          16  system_stm32f4xx.o(.constdata)
    APBPrescTable                            0x08009f1c   Data           8  system_stm32f4xx.o(.constdata)
    Region$$Table$$Base                      0x0800a104   Number         0  anon$$obj.o(Region$$Table)
    Region$$Table$$Limit                     0x0800a124   Number         0  anon$$obj.o(Region$$Table)
    __ctype                                  0x0800a14d   Data           0  lc_ctype_c.o(locale$$data)
    defaultTaskHandle                        0x20000000   Data           4  freertos.o(.data)
    Chassis_AngleLoopHandle                  0x20000004   Data           4  freertos.o(.data)
    My_InitHandle                            0x20000008   Data           4  freertos.o(.data)
    UI_CmpHandle                             0x2000000c   Data           4  freertos.o(.data)
    UI_BLErockerHandle                       0x20000010   Data           4  freertos.o(.data)
    UI_BLEarmHandle                          0x20000014   Data           4  freertos.o(.data)
    UI_OLEDHandle                            0x20000018   Data           4  freertos.o(.data)
    Status_MonitorHandle                     0x2000001c   Data           4  freertos.o(.data)
    Chassis_SpeedLoopHandle                  0x20000020   Data           4  freertos.o(.data)
    UI_CmpTraHandle                          0x20000024   Data           4  freertos.o(.data)
    BuzzerHandle                             0x20000028   Data           4  freertos.o(.data)
    SteppingMotorHandle                      0x2000002c   Data           4  freertos.o(.data)
    MechArmHandle                            0x20000030   Data           4  freertos.o(.data)
    LaunchHandle                             0x20000034   Data           4  freertos.o(.data)
    BLErockerRecHandle                       0x20000038   Data           4  freertos.o(.data)
    BLEarmRecHandle                          0x2000003c   Data           4  freertos.o(.data)
    CmpRecHandle                             0x20000040   Data           4  freertos.o(.data)
    TestRecHandle                            0x20000044   Data           4  freertos.o(.data)
    TmpArmRecHandle                          0x20000048   Data           4  freertos.o(.data)
    uwTickFreq                               0x2000004c   Data           1  stm32f4xx_hal.o(.data)
    uwTickPrio                               0x20000050   Data           4  stm32f4xx_hal.o(.data)
    uwTick                                   0x20000054   Data           4  stm32f4xx_hal.o(.data)
    SystemCoreClock                          0x20000058   Data           4  system_stm32f4xx.o(.data)
    pxCurrentTCB                             0x2000005c   Data           4  tasks.o(.data)
    BuzzerState                              0x200000dc   Data           1  buzzer.o(.data)
    Buzzer_InterruptionRocker_Tone           0x200000de   Data           2  buzzer.o(.data)
    Buzzer_StartUp_Tone                      0x200000e0   Data           6  buzzer.o(.data)
    Buzzer_StartUp_Note                      0x200000e6   Data           6  buzzer.o(.data)
    UI_CmpPrintfFlag                         0x200000ec   Data           1  interaction.o(.data)
    BLErockerStatus                          0x200000ed   Data           1  interaction.o(.data)
    BLEarmStatus                             0x200000ee   Data           1  interaction.o(.data)
    Test_PumpCmp                             0x200000f0   Data           2  interaction.o(.data)
    Test_ValveCmp                            0x200000f2   Data           2  interaction.o(.data)
    CmpRxDa                                  0x200000f4   Data           1  interaction.o(.data)
    BLErockerRxDa                            0x200000f5   Data           1  interaction.o(.data)
    BLEarmRxDa                               0x200000f6   Data           1  interaction.o(.data)
    Serial_RxFlag                            0x200000f7   Data           1  serial.o(.data)
    Key1_Value                               0x200000f8   Data           1  monitor.o(.data)
    Key2_Value                               0x200000f9   Data           1  monitor.o(.data)
    Key3_Value                               0x200000fa   Data           1  monitor.o(.data)
    Key4_Value                               0x200000fb   Data           1  monitor.o(.data)
    Key5_Value                               0x200000fc   Data           1  monitor.o(.data)
    Key6_Value                               0x200000fd   Data           1  monitor.o(.data)
    Key7_Value                               0x200000fe   Data           1  monitor.o(.data)
    Key8_Value                               0x200000ff   Data           1  monitor.o(.data)
    Monitor_BLE_rocker                       0x20000100   Data           1  monitor.o(.data)
    step_state                               0x20000104   Data           1  others.o(.data)
    Launchstate                              0x20000105   Data           1  others.o(.data)
    ARM1_Start                               0x20000108   Data           4  others.o(.data)
    ARM2_Start                               0x2000010c   Data           4  others.o(.data)
    ARM3_Start                               0x20000110   Data           4  others.o(.data)
    ARM4_Start                               0x20000114   Data           4  others.o(.data)
    ARM1_InitAngle                           0x20000118   Data           4  others.o(.data)
    ARM2_InitAngle                           0x2000011c   Data           4  others.o(.data)
    ARM3_InitAngle                           0x20000120   Data           4  others.o(.data)
    ARM4_InitAngle                           0x20000124   Data           4  others.o(.data)
    hadc3                                    0x20000128   Data          72  adc.o(.bss)
    hdma_adc3                                0x20000170   Data          96  adc.o(.bss)
    hcan1                                    0x200001d0   Data          40  can.o(.bss)
    hi2c1                                    0x200001f8   Data          84  i2c.o(.bss)
    htim1                                    0x2000024c   Data          72  tim.o(.bss)
    htim2                                    0x20000294   Data          72  tim.o(.bss)
    htim3                                    0x200002dc   Data          72  tim.o(.bss)
    htim5                                    0x20000324   Data          72  tim.o(.bss)
    htim12                                   0x2000036c   Data          72  tim.o(.bss)
    huart1                                   0x200003b4   Data          72  usart.o(.bss)
    huart2                                   0x200003fc   Data          72  usart.o(.bss)
    huart6                                   0x20000444   Data          72  usart.o(.bss)
    hdma_usart1_tx                           0x2000048c   Data          96  usart.o(.bss)
    hdma_usart2_tx                           0x200004ec   Data          96  usart.o(.bss)
    htim7                                    0x2000054c   Data          72  stm32f4xx_hal_timebase_tim.o(.bss)
    xQueueRegistry                           0x20000594   Data          64  queue.o(.bss)
    C610                                     0x20009288   Data         140  c610.o(.bss)
    wheel                                    0x20009314   Data         400  chassis.o(.bss)
    angle                                    0x200094a4   Data          80  chassis.o(.bss)
    Kpid                                     0x200094f4   Data          16  chassis.o(.bss)
    BLEctrl_Command                          0x20009504   Data          36  interaction.o(.bss)
    OLED_DisplayBuf                          0x20009528   Data        1024  oled.o(.bss)
    __libspace_start                         0x20009928   Data          96  libspace.o(.bss)
    __temporary_stack_top$libspace           0x20009988   Data           0  libspace.o(.bss)



==============================================================================

Memory Map of the image

  Image Entry point : 0x08000189

  Load Region LR_IROM1 (Base: 0x08000000, Size: 0x0000a378, Max: 0x00100000, ABSOLUTE)

    Execution Region ER_IROM1 (Exec base: 0x08000000, Load base: 0x08000000, Size: 0x0000a250, Max: 0x00100000, ABSOLUTE)

    Exec Addr    Load Addr    Size         Type   Attr      Idx    E Section Name        Object

    0x08000000   0x08000000   0x00000188   Data   RO            3    RESET               startup_stm32f407xx.o
    0x08000188   0x08000188   0x00000008   Code   RO         7530  * !!!main             c_w.l(__main.o)
    0x08000190   0x08000190   0x00000034   Code   RO         7999    !!!scatter          c_w.l(__scatter.o)
    0x080001c4   0x080001c4   0x0000001a   Code   RO         8001    !!handler_copy      c_w.l(__scatter_copy.o)
    0x080001de   0x080001de   0x00000002   PAD
    0x080001e0   0x080001e0   0x0000001c   Code   RO         8003    !!handler_zi        c_w.l(__scatter_zi.o)
    0x080001fc   0x080001fc   0x00000000   Code   RO         7686    .ARM.Collect$$_printf_percent$$00000000  c_w.l(_printf_percent.o)
    0x080001fc   0x080001fc   0x00000006   Code   RO         7675    .ARM.Collect$$_printf_percent$$00000001  c_w.l(_printf_n.o)
    0x08000202   0x08000202   0x00000006   Code   RO         7677    .ARM.Collect$$_printf_percent$$00000002  c_w.l(_printf_p.o)
    0x08000208   0x08000208   0x00000006   Code   RO         7682    .ARM.Collect$$_printf_percent$$00000003  c_w.l(_printf_f.o)
    0x0800020e   0x0800020e   0x00000006   Code   RO         7683    .ARM.Collect$$_printf_percent$$00000004  c_w.l(_printf_e.o)
    0x08000214   0x08000214   0x00000006   Code   RO         7684    .ARM.Collect$$_printf_percent$$00000005  c_w.l(_printf_g.o)
    0x0800021a   0x0800021a   0x00000006   Code   RO         7685    .ARM.Collect$$_printf_percent$$00000006  c_w.l(_printf_a.o)
    0x08000220   0x08000220   0x0000000a   Code   RO         7690    .ARM.Collect$$_printf_percent$$00000007  c_w.l(_printf_ll.o)
    0x0800022a   0x0800022a   0x00000006   Code   RO         7679    .ARM.Collect$$_printf_percent$$00000008  c_w.l(_printf_i.o)
    0x08000230   0x08000230   0x00000006   Code   RO         7680    .ARM.Collect$$_printf_percent$$00000009  c_w.l(_printf_d.o)
    0x08000236   0x08000236   0x00000006   Code   RO         7681    .ARM.Collect$$_printf_percent$$0000000A  c_w.l(_printf_u.o)
    0x0800023c   0x0800023c   0x00000006   Code   RO         7678    .ARM.Collect$$_printf_percent$$0000000B  c_w.l(_printf_o.o)
    0x08000242   0x08000242   0x00000006   Code   RO         7676    .ARM.Collect$$_printf_percent$$0000000C  c_w.l(_printf_x.o)
    0x08000248   0x08000248   0x00000006   Code   RO         7687    .ARM.Collect$$_printf_percent$$0000000D  c_w.l(_printf_lli.o)
    0x0800024e   0x0800024e   0x00000006   Code   RO         7688    .ARM.Collect$$_printf_percent$$0000000E  c_w.l(_printf_lld.o)
    0x08000254   0x08000254   0x00000006   Code   RO         7689    .ARM.Collect$$_printf_percent$$0000000F  c_w.l(_printf_llu.o)
    0x0800025a   0x0800025a   0x00000006   Code   RO         7694    .ARM.Collect$$_printf_percent$$00000010  c_w.l(_printf_llo.o)
    0x08000260   0x08000260   0x00000006   Code   RO         7695    .ARM.Collect$$_printf_percent$$00000011  c_w.l(_printf_llx.o)
    0x08000266   0x08000266   0x0000000a   Code   RO         7691    .ARM.Collect$$_printf_percent$$00000012  c_w.l(_printf_l.o)
    0x08000270   0x08000270   0x00000006   Code   RO         7673    .ARM.Collect$$_printf_percent$$00000013  c_w.l(_printf_c.o)
    0x08000276   0x08000276   0x00000006   Code   RO         7674    .ARM.Collect$$_printf_percent$$00000014  c_w.l(_printf_s.o)
    0x0800027c   0x0800027c   0x00000006   Code   RO         7692    .ARM.Collect$$_printf_percent$$00000015  c_w.l(_printf_lc.o)
    0x08000282   0x08000282   0x00000006   Code   RO         7693    .ARM.Collect$$_printf_percent$$00000016  c_w.l(_printf_ls.o)
    0x08000288   0x08000288   0x00000004   Code   RO         7809    .ARM.Collect$$_printf_percent$$00000017  c_w.l(_printf_percent_end.o)
    0x0800028c   0x0800028c   0x00000002   Code   RO         7867    .ARM.Collect$$libinit$$00000000  c_w.l(libinit.o)
    0x0800028e   0x0800028e   0x00000004   Code   RO         7881    .ARM.Collect$$libinit$$00000001  c_w.l(libinit2.o)
    0x08000292   0x08000292   0x00000000   Code   RO         7884    .ARM.Collect$$libinit$$00000004  c_w.l(libinit2.o)
    0x08000292   0x08000292   0x00000000   Code   RO         7887    .ARM.Collect$$libinit$$0000000A  c_w.l(libinit2.o)
    0x08000292   0x08000292   0x00000000   Code   RO         7889    .ARM.Collect$$libinit$$0000000C  c_w.l(libinit2.o)
    0x08000292   0x08000292   0x00000000   Code   RO         7891    .ARM.Collect$$libinit$$0000000E  c_w.l(libinit2.o)
    0x08000292   0x08000292   0x00000006   Code   RO         7892    .ARM.Collect$$libinit$$0000000F  c_w.l(libinit2.o)
    0x08000298   0x08000298   0x00000000   Code   RO         7894    .ARM.Collect$$libinit$$00000011  c_w.l(libinit2.o)
    0x08000298   0x08000298   0x0000000c   Code   RO         7895    .ARM.Collect$$libinit$$00000012  c_w.l(libinit2.o)
    0x080002a4   0x080002a4   0x00000000   Code   RO         7896    .ARM.Collect$$libinit$$00000013  c_w.l(libinit2.o)
    0x080002a4   0x080002a4   0x00000000   Code   RO         7898    .ARM.Collect$$libinit$$00000015  c_w.l(libinit2.o)
    0x080002a4   0x080002a4   0x0000000a   Code   RO         7899    .ARM.Collect$$libinit$$00000016  c_w.l(libinit2.o)
    0x080002ae   0x080002ae   0x00000000   Code   RO         7900    .ARM.Collect$$libinit$$00000017  c_w.l(libinit2.o)
    0x080002ae   0x080002ae   0x00000000   Code   RO         7902    .ARM.Collect$$libinit$$00000019  c_w.l(libinit2.o)
    0x080002ae   0x080002ae   0x00000000   Code   RO         7904    .ARM.Collect$$libinit$$0000001B  c_w.l(libinit2.o)
    0x080002ae   0x080002ae   0x00000000   Code   RO         7906    .ARM.Collect$$libinit$$0000001D  c_w.l(libinit2.o)
    0x080002ae   0x080002ae   0x00000000   Code   RO         7908    .ARM.Collect$$libinit$$0000001F  c_w.l(libinit2.o)
    0x080002ae   0x080002ae   0x00000000   Code   RO         7910    .ARM.Collect$$libinit$$00000021  c_w.l(libinit2.o)
    0x080002ae   0x080002ae   0x00000000   Code   RO         7912    .ARM.Collect$$libinit$$00000023  c_w.l(libinit2.o)
    0x080002ae   0x080002ae   0x00000000   Code   RO         7914    .ARM.Collect$$libinit$$00000025  c_w.l(libinit2.o)
    0x080002ae   0x080002ae   0x00000000   Code   RO         7918    .ARM.Collect$$libinit$$0000002C  c_w.l(libinit2.o)
    0x080002ae   0x080002ae   0x00000000   Code   RO         7920    .ARM.Collect$$libinit$$0000002E  c_w.l(libinit2.o)
    0x080002ae   0x080002ae   0x00000000   Code   RO         7922    .ARM.Collect$$libinit$$00000030  c_w.l(libinit2.o)
    0x080002ae   0x080002ae   0x00000000   Code   RO         7924    .ARM.Collect$$libinit$$00000032  c_w.l(libinit2.o)
    0x080002ae   0x080002ae   0x00000002   Code   RO         7925    .ARM.Collect$$libinit$$00000033  c_w.l(libinit2.o)
    0x080002b0   0x080002b0   0x00000002   Code   RO         7956    .ARM.Collect$$libshutdown$$00000000  c_w.l(libshutdown.o)
    0x080002b2   0x080002b2   0x00000000   Code   RO         7982    .ARM.Collect$$libshutdown$$00000002  c_w.l(libshutdown2.o)
    0x080002b2   0x080002b2   0x00000000   Code   RO         7984    .ARM.Collect$$libshutdown$$00000004  c_w.l(libshutdown2.o)
    0x080002b2   0x080002b2   0x00000000   Code   RO         7987    .ARM.Collect$$libshutdown$$00000007  c_w.l(libshutdown2.o)
    0x080002b2   0x080002b2   0x00000000   Code   RO         7990    .ARM.Collect$$libshutdown$$0000000A  c_w.l(libshutdown2.o)
    0x080002b2   0x080002b2   0x00000000   Code   RO         7992    .ARM.Collect$$libshutdown$$0000000C  c_w.l(libshutdown2.o)
    0x080002b2   0x080002b2   0x00000000   Code   RO         7995    .ARM.Collect$$libshutdown$$0000000F  c_w.l(libshutdown2.o)
    0x080002b2   0x080002b2   0x00000002   Code   RO         7996    .ARM.Collect$$libshutdown$$00000010  c_w.l(libshutdown2.o)
    0x080002b4   0x080002b4   0x00000000   Code   RO         7598    .ARM.Collect$$rtentry$$00000000  c_w.l(__rtentry.o)
    0x080002b4   0x080002b4   0x00000000   Code   RO         7773    .ARM.Collect$$rtentry$$00000002  c_w.l(__rtentry2.o)
    0x080002b4   0x080002b4   0x00000006   Code   RO         7785    .ARM.Collect$$rtentry$$00000004  c_w.l(__rtentry4.o)
    0x080002ba   0x080002ba   0x00000000   Code   RO         7775    .ARM.Collect$$rtentry$$00000009  c_w.l(__rtentry2.o)
    0x080002ba   0x080002ba   0x00000004   Code   RO         7776    .ARM.Collect$$rtentry$$0000000A  c_w.l(__rtentry2.o)
    0x080002be   0x080002be   0x00000000   Code   RO         7778    .ARM.Collect$$rtentry$$0000000C  c_w.l(__rtentry2.o)
    0x080002be   0x080002be   0x00000008   Code   RO         7779    .ARM.Collect$$rtentry$$0000000D  c_w.l(__rtentry2.o)
    0x080002c6   0x080002c6   0x00000002   Code   RO         7870    .ARM.Collect$$rtexit$$00000000  c_w.l(rtexit.o)
    0x080002c8   0x080002c8   0x00000000   Code   RO         7929    .ARM.Collect$$rtexit$$00000002  c_w.l(rtexit2.o)
    0x080002c8   0x080002c8   0x00000004   Code   RO         7930    .ARM.Collect$$rtexit$$00000003  c_w.l(rtexit2.o)
    0x080002cc   0x080002cc   0x00000006   Code   RO         7931    .ARM.Collect$$rtexit$$00000004  c_w.l(rtexit2.o)
    0x080002d2   0x080002d2   0x00000002   PAD
    0x080002d4   0x080002d4   0x000000be   Code   RO         6174    .emb_text           port.o
    0x08000392   0x08000392   0x00000002   PAD
    0x08000394   0x08000394   0x00000040   Code   RO            4    .text               startup_stm32f407xx.o
    0x080003d4   0x080003d4   0x000000ee   Code   RO         7510    .text               c_w.l(lludivv7m.o)
    0x080004c2   0x080004c2   0x00000002   PAD
    0x080004c4   0x080004c4   0x00000024   Code   RO         7514    .text               c_w.l(vsprintf.o)
    0x080004e8   0x080004e8   0x0000008a   Code   RO         7518    .text               c_w.l(rt_memcpy_v6.o)
    0x08000572   0x08000572   0x00000010   Code   RO         7522    .text               c_w.l(aeabi_memset.o)
    0x08000582   0x08000582   0x0000004e   Code   RO         7524    .text               c_w.l(rt_memclr_w.o)
    0x080005d0   0x080005d0   0x00000080   Code   RO         7526    .text               c_w.l(strcmpv7m.o)
    0x08000650   0x08000650   0x00000006   Code   RO         7528    .text               c_w.l(heapauxi.o)
    0x08000656   0x08000656   0x0000004e   Code   RO         7607    .text               c_w.l(_printf_pad.o)
    0x080006a4   0x080006a4   0x00000024   Code   RO         7609    .text               c_w.l(_printf_truncate.o)
    0x080006c8   0x080006c8   0x00000052   Code   RO         7611    .text               c_w.l(_printf_str.o)
    0x0800071a   0x0800071a   0x00000002   PAD
    0x0800071c   0x0800071c   0x00000078   Code   RO         7613    .text               c_w.l(_printf_dec.o)
    0x08000794   0x08000794   0x00000028   Code   RO         7615    .text               c_w.l(_printf_charcount.o)
    0x080007bc   0x080007bc   0x00000030   Code   RO         7617    .text               c_w.l(_printf_char_common.o)
    0x080007ec   0x080007ec   0x0000000a   Code   RO         7619    .text               c_w.l(_sputc.o)
    0x080007f6   0x080007f6   0x00000002   PAD
    0x080007f8   0x080007f8   0x000000bc   Code   RO         7621    .text               c_w.l(_printf_wctomb.o)
    0x080008b4   0x080008b4   0x0000007c   Code   RO         7624    .text               c_w.l(_printf_longlong_dec.o)
    0x08000930   0x08000930   0x00000070   Code   RO         7630    .text               c_w.l(_printf_oct_int_ll.o)
    0x080009a0   0x080009a0   0x00000094   Code   RO         7650    .text               c_w.l(_printf_hex_int_ll_ptr.o)
    0x08000a34   0x08000a34   0x00000188   Code   RO         7670    .text               c_w.l(__printf_flags_ss_wp.o)
    0x08000bbc   0x08000bbc   0x00000064   Code   RO         7696    .text               c_w.l(rt_memcpy_w.o)
    0x08000c20   0x08000c20   0x00000044   Code   RO         7698    .text               c_w.l(rt_memclr.o)
    0x08000c64   0x08000c64   0x0000008a   Code   RO         7794    .text               c_w.l(lludiv10.o)
    0x08000cee   0x08000cee   0x000000b2   Code   RO         7796    .text               c_w.l(_printf_intcommon.o)
    0x08000da0   0x08000da0   0x0000041e   Code   RO         7798    .text               c_w.l(_printf_fp_dec.o)
    0x080011be   0x080011be   0x00000002   PAD
    0x080011c0   0x080011c0   0x000002fc   Code   RO         7800    .text               c_w.l(_printf_fp_hex.o)
    0x080014bc   0x080014bc   0x0000002c   Code   RO         7805    .text               c_w.l(_printf_char.o)
    0x080014e8   0x080014e8   0x0000002c   Code   RO         7807    .text               c_w.l(_printf_wchar.o)
    0x08001514   0x08001514   0x00000040   Code   RO         7810    .text               c_w.l(_wcrtomb.o)
    0x08001554   0x08001554   0x00000008   Code   RO         7814    .text               c_w.l(libspace.o)
    0x0800155c   0x0800155c   0x0000004a   Code   RO         7817    .text               c_w.l(sys_stackheap_outer.o)
    0x080015a6   0x080015a6   0x00000002   PAD
    0x080015a8   0x080015a8   0x00000010   Code   RO         7819    .text               c_w.l(rt_ctype_table.o)
    0x080015b8   0x080015b8   0x00000008   Code   RO         7824    .text               c_w.l(rt_locale_intlibspace.o)
    0x080015c0   0x080015c0   0x00000080   Code   RO         7826    .text               c_w.l(_printf_fp_infnan.o)
    0x08001640   0x08001640   0x000000e4   Code   RO         7828    .text               c_w.l(bigflt0.o)
    0x08001724   0x08001724   0x00000012   Code   RO         7856    .text               c_w.l(exit.o)
    0x08001736   0x08001736   0x00000002   PAD
    0x08001738   0x08001738   0x0000000c   Code   RO         7926    .text               c_w.l(sys_exit.o)
    0x08001744   0x08001744   0x00000002   Code   RO         7945    .text               c_w.l(use_no_semi.o)
    0x08001746   0x08001746   0x00000000   Code   RO         7947    .text               c_w.l(indicate_semi.o)
    0x08001746   0x08001746   0x0000003e   Code   RO         7831    CL$$btod_d2e        c_w.l(btod.o)
    0x08001784   0x08001784   0x00000046   Code   RO         7833    CL$$btod_d2e_denorm_low  c_w.l(btod.o)
    0x080017ca   0x080017ca   0x00000060   Code   RO         7832    CL$$btod_d2e_norm_op1  c_w.l(btod.o)
    0x0800182a   0x0800182a   0x00000338   Code   RO         7841    CL$$btod_div_common  c_w.l(btod.o)
    0x08001b62   0x08001b62   0x000000dc   Code   RO         7838    CL$$btod_e2e        c_w.l(btod.o)
    0x08001c3e   0x08001c3e   0x0000002a   Code   RO         7835    CL$$btod_ediv       c_w.l(btod.o)
    0x08001c68   0x08001c68   0x0000002a   Code   RO         7834    CL$$btod_emul       c_w.l(btod.o)
    0x08001c92   0x08001c92   0x00000244   Code   RO         7840    CL$$btod_mult_common  c_w.l(btod.o)
    0x08001ed6   0x08001ed6   0x0000006e   Code   RO         1946    i.ADC_DMAConvCplt   stm32f4xx_hal_adc.o
    0x08001f44   0x08001f44   0x00000016   Code   RO         1947    i.ADC_DMAError      stm32f4xx_hal_adc.o
    0x08001f5a   0x08001f5a   0x0000000a   Code   RO         1948    i.ADC_DMAHalfConvCplt  stm32f4xx_hal_adc.o
    0x08001f64   0x08001f64   0x00000128   Code   RO         1949    i.ADC_Init          stm32f4xx_hal_adc.o
    0x0800208c   0x0800208c   0x00000098   Code   RO         6452    i.BLECtrl_RecDataInit  interaction.o
    0x08002124   0x08002124   0x00000002   Code   RO          650    i.BusFault_Handler  stm32f4xx_it.o
    0x08002126   0x08002126   0x00000002   PAD
    0x08002128   0x08002128   0x0000005c   Code   RO         6254    i.Buzzer_StartUp    buzzer.o
    0x08002184   0x08002184   0x00000044   Code   RO         6328    i.C610_Init         c610.o
    0x080021c8   0x080021c8   0x0000000c   Code   RO          651    i.CAN1_RX0_IRQHandler  stm32f4xx_it.o
    0x080021d4   0x080021d4   0x00000028   Code   RO         6329    i.CAN_Receive_Message  c610.o
    0x080021fc   0x080021fc   0x00000040   Code   RO         6330    i.CAN_Send_Message  c610.o
    0x0800223c   0x0800223c   0x00000150   Code   RO         6398    i.Chassis_PID_Init  chassis.o
    0x0800238c   0x0800238c   0x00000248   Code   RO         6331    i.Chassis_SpeedLoopPID  c610.o
    0x080025d4   0x080025d4   0x0000009c   Code   RO         6399    i.Chassis_TeleCommandExecute  chassis.o
    0x08002670   0x08002670   0x0000009c   Code   RO         6332    i.Chassis_analysis  c610.o
    0x0800270c   0x0800270c   0x000000a8   Code   RO          652    i.DMA2_Stream7_IRQHandler  stm32f4xx_it.o
    0x080027b4   0x080027b4   0x00000028   Code   RO         2683    i.DMA_CalcBaseAndBitshift  stm32f4xx_hal_dma.o
    0x080027dc   0x080027dc   0x00000054   Code   RO         2684    i.DMA_CheckFifoParam  stm32f4xx_hal_dma.o
    0x08002830   0x08002830   0x00000028   Code   RO         2685    i.DMA_SetConfig     stm32f4xx_hal_dma.o
    0x08002858   0x08002858   0x00000002   Code   RO          653    i.DebugMon_Handler  stm32f4xx_it.o
    0x0800285a   0x0800285a   0x00000004   Code   RO           13    i.Error_Handler     main.o
    0x0800285e   0x0800285e   0x00000002   PAD
    0x08002860   0x08002860   0x0000014c   Code   RO         1951    i.HAL_ADC_ConfigChannel  stm32f4xx_hal_adc.o
    0x080029ac   0x080029ac   0x00000002   Code   RO         1952    i.HAL_ADC_ConvCpltCallback  stm32f4xx_hal_adc.o
    0x080029ae   0x080029ae   0x00000002   Code   RO         1953    i.HAL_ADC_ConvHalfCpltCallback  stm32f4xx_hal_adc.o
    0x080029b0   0x080029b0   0x00000002   Code   RO         1955    i.HAL_ADC_ErrorCallback  stm32f4xx_hal_adc.o
    0x080029b2   0x080029b2   0x00000054   Code   RO         1960    i.HAL_ADC_Init      stm32f4xx_hal_adc.o
    0x08002a06   0x08002a06   0x00000002   PAD
    0x08002a08   0x08002a08   0x0000009c   Code   RO          375    i.HAL_ADC_MspInit   adc.o
    0x08002aa4   0x08002aa4   0x000000fc   Code   RO         1966    i.HAL_ADC_Start     stm32f4xx_hal_adc.o
    0x08002ba0   0x08002ba0   0x00000154   Code   RO         1967    i.HAL_ADC_Start_DMA  stm32f4xx_hal_adc.o
    0x08002cf4   0x08002cf4   0x00000024   Code   RO         3375    i.HAL_CAN_ActivateNotification  stm32f4xx_hal_can.o
    0x08002d18   0x08002d18   0x000000bc   Code   RO         3376    i.HAL_CAN_AddTxMessage  stm32f4xx_hal_can.o
    0x08002dd4   0x08002dd4   0x0000010c   Code   RO         3377    i.HAL_CAN_ConfigFilter  stm32f4xx_hal_can.o
    0x08002ee0   0x08002ee0   0x00000002   Code   RO         3380    i.HAL_CAN_ErrorCallback  stm32f4xx_hal_can.o
    0x08002ee2   0x08002ee2   0x00000002   PAD
    0x08002ee4   0x08002ee4   0x00000022   Code   RO         3382    i.HAL_CAN_GetRxFifoFillLevel  stm32f4xx_hal_can.o
    0x08002f06   0x08002f06   0x000000f4   Code   RO         3383    i.HAL_CAN_GetRxMessage  stm32f4xx_hal_can.o
    0x08002ffa   0x08002ffa   0x0000002c   Code   RO         3385    i.HAL_CAN_GetTxMailboxesFreeLevel  stm32f4xx_hal_can.o
    0x08003026   0x08003026   0x000001fc   Code   RO         3387    i.HAL_CAN_IRQHandler  stm32f4xx_hal_can.o
    0x08003222   0x08003222   0x0000011a   Code   RO         3388    i.HAL_CAN_Init      stm32f4xx_hal_can.o
    0x0800333c   0x0800333c   0x0000007c   Code   RO          417    i.HAL_CAN_MspInit   can.o
    0x080033b8   0x080033b8   0x00000002   Code   RO         3395    i.HAL_CAN_RxFifo0FullCallback  stm32f4xx_hal_can.o
    0x080033ba   0x080033ba   0x00000002   PAD
    0x080033bc   0x080033bc   0x00000080   Code   RO         6333    i.HAL_CAN_RxFifo0MsgPendingCallback  c610.o
    0x0800343c   0x0800343c   0x00000002   Code   RO         3397    i.HAL_CAN_RxFifo1FullCallback  stm32f4xx_hal_can.o
    0x0800343e   0x0800343e   0x00000002   Code   RO         3398    i.HAL_CAN_RxFifo1MsgPendingCallback  stm32f4xx_hal_can.o
    0x08003440   0x08003440   0x00000002   Code   RO         3399    i.HAL_CAN_SleepCallback  stm32f4xx_hal_can.o
    0x08003442   0x08003442   0x00000002   PAD
    0x08003444   0x08003444   0x00000058   Code   RO         3400    i.HAL_CAN_Start     stm32f4xx_hal_can.o
    0x0800349c   0x0800349c   0x00000002   Code   RO         3402    i.HAL_CAN_TxMailbox0AbortCallback  stm32f4xx_hal_can.o
    0x0800349e   0x0800349e   0x00000002   Code   RO         3403    i.HAL_CAN_TxMailbox0CompleteCallback  stm32f4xx_hal_can.o
    0x080034a0   0x080034a0   0x00000002   Code   RO         3404    i.HAL_CAN_TxMailbox1AbortCallback  stm32f4xx_hal_can.o
    0x080034a2   0x080034a2   0x00000002   Code   RO         3405    i.HAL_CAN_TxMailbox1CompleteCallback  stm32f4xx_hal_can.o
    0x080034a4   0x080034a4   0x00000002   Code   RO         3406    i.HAL_CAN_TxMailbox2AbortCallback  stm32f4xx_hal_can.o
    0x080034a6   0x080034a6   0x00000002   Code   RO         3407    i.HAL_CAN_TxMailbox2CompleteCallback  stm32f4xx_hal_can.o
    0x080034a8   0x080034a8   0x00000002   Code   RO         3409    i.HAL_CAN_WakeUpFromRxMsgCallback  stm32f4xx_hal_can.o
    0x080034aa   0x080034aa   0x00000092   Code   RO         2686    i.HAL_DMA_Abort     stm32f4xx_hal_dma.o
    0x0800353c   0x0800353c   0x00000024   Code   RO         2687    i.HAL_DMA_Abort_IT  stm32f4xx_hal_dma.o
    0x08003560   0x08003560   0x000001a0   Code   RO         2691    i.HAL_DMA_IRQHandler  stm32f4xx_hal_dma.o
    0x08003700   0x08003700   0x000000d4   Code   RO         2692    i.HAL_DMA_Init      stm32f4xx_hal_dma.o
    0x080037d4   0x080037d4   0x0000006e   Code   RO         2696    i.HAL_DMA_Start_IT  stm32f4xx_hal_dma.o
    0x08003842   0x08003842   0x00000002   PAD
    0x08003844   0x08003844   0x00000024   Code   RO         3123    i.HAL_Delay         stm32f4xx_hal.o
    0x08003868   0x08003868   0x000001f0   Code   RO         2579    i.HAL_GPIO_Init     stm32f4xx_hal_gpio.o
    0x08003a58   0x08003a58   0x0000000a   Code   RO         2581    i.HAL_GPIO_ReadPin  stm32f4xx_hal_gpio.o
    0x08003a62   0x08003a62   0x0000000a   Code   RO         2583    i.HAL_GPIO_WritePin  stm32f4xx_hal_gpio.o
    0x08003a6c   0x08003a6c   0x0000000c   Code   RO         3129    i.HAL_GetTick       stm32f4xx_hal.o
    0x08003a78   0x08003a78   0x00000188   Code   RO         3619    i.HAL_I2C_Init      stm32f4xx_hal_i2c.o
    0x08003c00   0x08003c00   0x00000068   Code   RO          483    i.HAL_I2C_MspInit   i2c.o
    0x08003c68   0x08003c68   0x00000010   Code   RO         3135    i.HAL_IncTick       stm32f4xx_hal.o
    0x08003c78   0x08003c78   0x00000034   Code   RO         3136    i.HAL_Init          stm32f4xx_hal.o
    0x08003cac   0x08003cac   0x00000098   Code   RO          829    i.HAL_InitTick      stm32f4xx_hal_timebase_tim.o
    0x08003d44   0x08003d44   0x00000038   Code   RO          805    i.HAL_MspInit       stm32f4xx_hal_msp.o
    0x08003d7c   0x08003d7c   0x0000001a   Code   RO         2971    i.HAL_NVIC_EnableIRQ  stm32f4xx_hal_cortex.o
    0x08003d96   0x08003d96   0x00000002   PAD
    0x08003d98   0x08003d98   0x00000040   Code   RO         2977    i.HAL_NVIC_SetPriority  stm32f4xx_hal_cortex.o
    0x08003dd8   0x08003dd8   0x00000024   Code   RO         2978    i.HAL_NVIC_SetPriorityGrouping  stm32f4xx_hal_cortex.o
    0x08003dfc   0x08003dfc   0x00000134   Code   RO         2225    i.HAL_RCC_ClockConfig  stm32f4xx_hal_rcc.o
    0x08003f30   0x08003f30   0x00000040   Code   RO         2229    i.HAL_RCC_GetClockConfig  stm32f4xx_hal_rcc.o
    0x08003f70   0x08003f70   0x00000020   Code   RO         2232    i.HAL_RCC_GetPCLK1Freq  stm32f4xx_hal_rcc.o
    0x08003f90   0x08003f90   0x00000020   Code   RO         2233    i.HAL_RCC_GetPCLK2Freq  stm32f4xx_hal_rcc.o
    0x08003fb0   0x08003fb0   0x00000060   Code   RO         2234    i.HAL_RCC_GetSysClockFreq  stm32f4xx_hal_rcc.o
    0x08004010   0x08004010   0x0000036c   Code   RO         2237    i.HAL_RCC_OscConfig  stm32f4xx_hal_rcc.o
    0x0800437c   0x0800437c   0x00000002   Code   RO         1679    i.HAL_TIMEx_BreakCallback  stm32f4xx_hal_tim_ex.o
    0x0800437e   0x0800437e   0x00000002   Code   RO         1680    i.HAL_TIMEx_CommutCallback  stm32f4xx_hal_tim_ex.o
    0x08004380   0x08004380   0x00000054   Code   RO         1682    i.HAL_TIMEx_ConfigBreakDeadTime  stm32f4xx_hal_tim_ex.o
    0x080043d4   0x080043d4   0x00000090   Code   RO         1698    i.HAL_TIMEx_MasterConfigSynchronization  stm32f4xx_hal_tim_ex.o
    0x08004464   0x08004464   0x0000005a   Code   RO          975    i.HAL_TIM_Base_Init  stm32f4xx_hal_tim.o
    0x080044be   0x080044be   0x00000002   Code   RO          977    i.HAL_TIM_Base_MspInit  stm32f4xx_hal_tim.o
    0x080044c0   0x080044c0   0x00000080   Code   RO          980    i.HAL_TIM_Base_Start_IT  stm32f4xx_hal_tim.o
    0x08004540   0x08004540   0x00000002   Code   RO         1009    i.HAL_TIM_IC_CaptureCallback  stm32f4xx_hal_tim.o
    0x08004542   0x08004542   0x00000130   Code   RO         1023    i.HAL_TIM_IRQHandler  stm32f4xx_hal_tim.o
    0x08004672   0x08004672   0x00000002   PAD
    0x08004674   0x08004674   0x0000012c   Code   RO          524    i.HAL_TIM_MspPostInit  tim.o
    0x080047a0   0x080047a0   0x00000002   Code   RO         1026    i.HAL_TIM_OC_DelayElapsedCallback  stm32f4xx_hal_tim.o
    0x080047a2   0x080047a2   0x000000cc   Code   RO         1047    i.HAL_TIM_PWM_ConfigChannel  stm32f4xx_hal_tim.o
    0x0800486e   0x0800486e   0x0000005a   Code   RO         1050    i.HAL_TIM_PWM_Init  stm32f4xx_hal_tim.o
    0x080048c8   0x080048c8   0x00000080   Code   RO          526    i.HAL_TIM_PWM_MspInit  tim.o
    0x08004948   0x08004948   0x00000002   Code   RO         1053    i.HAL_TIM_PWM_PulseFinishedCallback  stm32f4xx_hal_tim.o
    0x0800494a   0x0800494a   0x00000002   PAD
    0x0800494c   0x0800494c   0x000000c8   Code   RO         1055    i.HAL_TIM_PWM_Start  stm32f4xx_hal_tim.o
    0x08004a14   0x08004a14   0x00000014   Code   RO           14    i.HAL_TIM_PeriodElapsedCallback  main.o
    0x08004a28   0x08004a28   0x00000002   Code   RO         1066    i.HAL_TIM_TriggerCallback  stm32f4xx_hal_tim.o
    0x08004a2a   0x08004a2a   0x00000002   Code   RO         4075    i.HAL_UARTEx_RxEventCallback  stm32f4xx_hal_uart.o
    0x08004a2c   0x08004a2c   0x00000002   Code   RO         4089    i.HAL_UART_ErrorCallback  stm32f4xx_hal_uart.o
    0x08004a2e   0x08004a2e   0x00000002   PAD
    0x08004a30   0x08004a30   0x00000270   Code   RO         4092    i.HAL_UART_IRQHandler  stm32f4xx_hal_uart.o
    0x08004ca0   0x08004ca0   0x00000064   Code   RO         4093    i.HAL_UART_Init     stm32f4xx_hal_uart.o
    0x08004d04   0x08004d04   0x0000018c   Code   RO          597    i.HAL_UART_MspInit  usart.o
    0x08004e90   0x08004e90   0x0000001c   Code   RO         4098    i.HAL_UART_Receive_IT  stm32f4xx_hal_uart.o
    0x08004eac   0x08004eac   0x00000002   Code   RO         4099    i.HAL_UART_RxCpltCallback  stm32f4xx_hal_uart.o
    0x08004eae   0x08004eae   0x000000a0   Code   RO         4101    i.HAL_UART_Transmit  stm32f4xx_hal_uart.o
    0x08004f4e   0x08004f4e   0x00000002   PAD
    0x08004f50   0x08004f50   0x00000078   Code   RO         4102    i.HAL_UART_Transmit_DMA  stm32f4xx_hal_uart.o
    0x08004fc8   0x08004fc8   0x00000002   Code   RO         4104    i.HAL_UART_TxCpltCallback  stm32f4xx_hal_uart.o
    0x08004fca   0x08004fca   0x00000002   Code   RO         4105    i.HAL_UART_TxHalfCpltCallback  stm32f4xx_hal_uart.o
    0x08004fcc   0x08004fcc   0x00000002   Code   RO          654    i.HardFault_Handler  stm32f4xx_it.o
    0x08004fce   0x08004fce   0x00000002   PAD
    0x08004fd0   0x08004fd0   0x000000a4   Code   RO          376    i.MX_ADC3_Init      adc.o
    0x08005074   0x08005074   0x00000044   Code   RO          418    i.MX_CAN1_Init      can.o
    0x080050b8   0x080050b8   0x0000003c   Code   RO          458    i.MX_DMA_Init       dma.o
    0x080050f4   0x080050f4   0x00000150   Code   RO          253    i.MX_FREERTOS_Init  freertos.o
    0x08005244   0x08005244   0x00000144   Code   RO          229    i.MX_GPIO_Init      gpio.o
    0x08005388   0x08005388   0x00000040   Code   RO          484    i.MX_I2C1_Init      i2c.o
    0x080053c8   0x080053c8   0x0000005c   Code   RO          527    i.MX_TIM12_Init     tim.o
    0x08005424   0x08005424   0x000000d4   Code   RO          528    i.MX_TIM1_Init      tim.o
    0x080054f8   0x080054f8   0x00000080   Code   RO          529    i.MX_TIM2_Init      tim.o
    0x08005578   0x08005578   0x00000094   Code   RO          530    i.MX_TIM3_Init      tim.o
    0x0800560c   0x0800560c   0x00000070   Code   RO          531    i.MX_TIM5_Init      tim.o
    0x0800567c   0x0800567c   0x00000038   Code   RO          598    i.MX_USART1_UART_Init  usart.o
    0x080056b4   0x080056b4   0x00000038   Code   RO          599    i.MX_USART2_UART_Init  usart.o
    0x080056ec   0x080056ec   0x00000038   Code   RO          600    i.MX_USART6_UART_Init  usart.o
    0x08005724   0x08005724   0x00000002   Code   RO          655    i.MemManage_Handler  stm32f4xx_it.o
    0x08005726   0x08005726   0x00000002   Code   RO          656    i.NMI_Handler       stm32f4xx_it.o
    0x08005728   0x08005728   0x00000028   Code   RO         6523    i.OLED_Clear        oled.o
    0x08005750   0x08005750   0x00000064   Code   RO         6532    i.OLED_GPIO_Init    oled.o
    0x080057b4   0x080057b4   0x0000003a   Code   RO         6534    i.OLED_I2C_SendByte  oled.o
    0x080057ee   0x080057ee   0x0000001e   Code   RO         6535    i.OLED_I2C_Start    oled.o
    0x0800580c   0x0800580c   0x00000018   Code   RO         6536    i.OLED_I2C_Stop     oled.o
    0x08005824   0x08005824   0x0000009c   Code   RO         6537    i.OLED_Init         oled.o
    0x080058c0   0x080058c0   0x00000022   Code   RO         6543    i.OLED_SetCursor    oled.o
    0x080058e2   0x080058e2   0x00000002   PAD
    0x080058e4   0x080058e4   0x00000028   Code   RO         6552    i.OLED_Update       oled.o
    0x0800590c   0x0800590c   0x0000001c   Code   RO         6554    i.OLED_W_SCL        oled.o
    0x08005928   0x08005928   0x0000001c   Code   RO         6555    i.OLED_W_SDA        oled.o
    0x08005944   0x08005944   0x00000022   Code   RO         6556    i.OLED_WriteCommand  oled.o
    0x08005966   0x08005966   0x00000030   Code   RO         6557    i.OLED_WriteData    oled.o
    0x08005996   0x08005996   0x00000002   PAD
    0x08005998   0x08005998   0x00000158   Code   RO         7463    i.Others_Init       others.o
    0x08005af0   0x08005af0   0x00000040   Code   RO         6781    i.Serial_Printf     serial.o
    0x08005b30   0x08005b30   0x000000b4   Code   RO         6255    i.StartBuzzer       buzzer.o
    0x08005be4   0x08005be4   0x00000012   Code   RO         6401    i.StartChassis_AngleLoop  chassis.o
    0x08005bf6   0x08005bf6   0x00000002   PAD
    0x08005bf8   0x08005bf8   0x00000068   Code   RO         6334    i.StartChassis_SpeedLoop  c610.o
    0x08005c60   0x08005c60   0x00000008   Code   RO          257    i.StartDefaultTask  freertos.o
    0x08005c68   0x08005c68   0x00000078   Code   RO         7464    i.StartLaunch       others.o
    0x08005ce0   0x08005ce0   0x000001f4   Code   RO         7465    i.StartMechArm      others.o
    0x08005ed4   0x08005ed4   0x000000cc   Code   RO         6402    i.StartMy_Init      chassis.o
    0x08005fa0   0x08005fa0   0x000000f8   Code   RO         7430    i.StartStatus_Monitor  monitor.o
    0x08006098   0x08006098   0x0000008c   Code   RO         7466    i.StartSteppingMotor  others.o
    0x08006124   0x08006124   0x00000108   Code   RO         6453    i.StartUI_BLEarm    interaction.o
    0x0800622c   0x0800622c   0x00000218   Code   RO         6454    i.StartUI_BLErocker  interaction.o
    0x08006444   0x08006444   0x00000644   Code   RO         6455    i.StartUI_Cmp       interaction.o
    0x08006a88   0x08006a88   0x0000001a   Code   RO         6456    i.StartUI_CmpTra    interaction.o
    0x08006aa2   0x08006aa2   0x00000008   Code   RO          267    i.StartUI_OLED      freertos.o
    0x08006aaa   0x08006aaa   0x0000001a   Code   RO         5602    i.SysTick_Handler   cmsis_os2.o
    0x08006ac4   0x08006ac4   0x00000098   Code   RO           15    i.SystemClock_Config  main.o
    0x08006b5c   0x08006b5c   0x00000010   Code   RO         4427    i.SystemInit        system_stm32f4xx.o
    0x08006b6c   0x08006b6c   0x0000000c   Code   RO          657    i.TIM7_IRQHandler   stm32f4xx_it.o
    0x08006b78   0x08006b78   0x000000d8   Code   RO         1068    i.TIM_Base_SetConfig  stm32f4xx_hal_tim.o
    0x08006c50   0x08006c50   0x0000001a   Code   RO         1069    i.TIM_CCxChannelCmd  stm32f4xx_hal_tim.o
    0x08006c6a   0x08006c6a   0x00000002   PAD
    0x08006c6c   0x08006c6c   0x00000060   Code   RO         1081    i.TIM_OC1_SetConfig  stm32f4xx_hal_tim.o
    0x08006ccc   0x08006ccc   0x0000006c   Code   RO         1082    i.TIM_OC2_SetConfig  stm32f4xx_hal_tim.o
    0x08006d38   0x08006d38   0x00000068   Code   RO         1083    i.TIM_OC3_SetConfig  stm32f4xx_hal_tim.o
    0x08006da0   0x08006da0   0x00000050   Code   RO         1084    i.TIM_OC4_SetConfig  stm32f4xx_hal_tim.o
    0x08006df0   0x08006df0   0x00000010   Code   RO         4106    i.UART_DMAAbortOnError  stm32f4xx_hal_uart.o
    0x08006e00   0x08006e00   0x0000004a   Code   RO         4107    i.UART_DMAError     stm32f4xx_hal_uart.o
    0x08006e4a   0x08006e4a   0x00000042   Code   RO         4112    i.UART_DMATransmitCplt  stm32f4xx_hal_uart.o
    0x08006e8c   0x08006e8c   0x0000000a   Code   RO         4114    i.UART_DMATxHalfCplt  stm32f4xx_hal_uart.o
    0x08006e96   0x08006e96   0x0000004e   Code   RO         4116    i.UART_EndRxTransfer  stm32f4xx_hal_uart.o
    0x08006ee4   0x08006ee4   0x0000001c   Code   RO         4117    i.UART_EndTxTransfer  stm32f4xx_hal_uart.o
    0x08006f00   0x08006f00   0x000000c2   Code   RO         4118    i.UART_Receive_IT   stm32f4xx_hal_uart.o
    0x08006fc2   0x08006fc2   0x00000002   PAD
    0x08006fc4   0x08006fc4   0x0000010c   Code   RO         4119    i.UART_SetConfig    stm32f4xx_hal_uart.o
    0x080070d0   0x080070d0   0x00000036   Code   RO         4121    i.UART_Start_Receive_IT  stm32f4xx_hal_uart.o
    0x08007106   0x08007106   0x00000072   Code   RO         4122    i.UART_WaitOnFlagUntilTimeout  stm32f4xx_hal_uart.o
    0x08007178   0x08007178   0x000004c4   Code   RO         6457    i.UI_CmpPrintf      interaction.o
    0x0800763c   0x0800763c   0x00000080   Code   RO          658    i.USART1_IRQHandler  stm32f4xx_it.o
    0x080076bc   0x080076bc   0x00000080   Code   RO          659    i.USART2_IRQHandler  stm32f4xx_it.o
    0x0800773c   0x0800773c   0x00000080   Code   RO          660    i.USART6_IRQHandler  stm32f4xx_it.o
    0x080077bc   0x080077bc   0x00000002   Code   RO          661    i.UsageFault_Handler  stm32f4xx_it.o
    0x080077be   0x080077be   0x00000030   Code   RO         7755    i.__ARM_fpclassify  m_wm.l(fpclassify.o)
    0x080077ee   0x080077ee   0x00000020   Code   RO         2984    i.__NVIC_SetPriority  stm32f4xx_hal_cortex.o
    0x0800780e   0x0800780e   0x0000000e   Code   RO         7663    i._is_digit         c_w.l(__printf_wp.o)
    0x0800781c   0x0800781c   0x0000004a   Code   RO           16    i.main              main.o
    0x08007866   0x08007866   0x0000001a   Code   RO         5604    i.osDelay           cmsis_os2.o
    0x08007880   0x08007880   0x00000024   Code   RO         5618    i.osKernelInitialize  cmsis_os2.o
    0x080078a4   0x080078a4   0x00000038   Code   RO         5621    i.osKernelStart     cmsis_os2.o
    0x080078dc   0x080078dc   0x00000058   Code   RO         5638    i.osMessageQueueNew  cmsis_os2.o
    0x08007934   0x08007934   0x0000008a   Code   RO         5663    i.osThreadNew       cmsis_os2.o
    0x080079be   0x080079be   0x00000002   PAD
    0x080079c0   0x080079c0   0x0000005c   Code   RO         5063    i.prvAddCurrentTaskToDelayedList  tasks.o
    0x08007a1c   0x08007a1c   0x000000d0   Code   RO         5064    i.prvAddNewTaskToReadyList  tasks.o
    0x08007aec   0x08007aec   0x00000058   Code   RO         5428    i.prvCheckForValidListAndQueue  timers.o
    0x08007b44   0x08007b44   0x00000026   Code   RO         4660    i.prvCopyDataFromQueue  queue.o
    0x08007b6a   0x08007b6a   0x0000006c   Code   RO         4661    i.prvCopyDataToQueue  queue.o
    0x08007bd6   0x08007bd6   0x00000034   Code   RO         5065    i.prvDeleteTCB      tasks.o
    0x08007c0a   0x08007c0a   0x00000002   PAD
    0x08007c0c   0x08007c0c   0x0000004c   Code   RO         6119    i.prvHeapInit       heap_4.o
    0x08007c58   0x08007c58   0x00000060   Code   RO         5066    i.prvIdleTask       tasks.o
    0x08007cb8   0x08007cb8   0x00000022   Code   RO         4663    i.prvInitialiseNewQueue  queue.o
    0x08007cda   0x08007cda   0x00000002   PAD
    0x08007cdc   0x08007cdc   0x000000b0   Code   RO         5067    i.prvInitialiseNewTask  tasks.o
    0x08007d8c   0x08007d8c   0x0000004c   Code   RO         6120    i.prvInsertBlockIntoFreeList  heap_4.o
    0x08007dd8   0x08007dd8   0x00000038   Code   RO         5430    i.prvInsertTimerInActiveList  timers.o
    0x08007e10   0x08007e10   0x0000001c   Code   RO         4664    i.prvIsQueueEmpty   queue.o
    0x08007e2c   0x08007e2c   0x000000fc   Code   RO         5431    i.prvProcessReceivedCommands  timers.o
    0x08007f28   0x08007f28   0x000000c0   Code   RO         5432    i.prvProcessTimerOrBlockTask  timers.o
    0x08007fe8   0x08007fe8   0x00000020   Code   RO         5069    i.prvResetNextTaskUnblockTime  tasks.o
    0x08008008   0x08008008   0x00000028   Code   RO         5433    i.prvSampleTimeNow  timers.o
    0x08008030   0x08008030   0x0000006c   Code   RO         5434    i.prvSwitchTimerLists  timers.o
    0x0800809c   0x0800809c   0x00000028   Code   RO         6175    i.prvTaskExitError  port.o
    0x080080c4   0x080080c4   0x00000024   Code   RO         5435    i.prvTimerTask      timers.o
    0x080080e8   0x080080e8   0x0000006a   Code   RO         4665    i.prvUnlockQueue    queue.o
    0x08008152   0x08008152   0x00000002   PAD
    0x08008154   0x08008154   0x000000dc   Code   RO         6121    i.pvPortMalloc      heap_4.o
    0x08008230   0x08008230   0x0000002c   Code   RO         6176    i.pxPortInitialiseStack  port.o
    0x0800825c   0x0800825c   0x00000026   Code   RO         4620    i.uxListRemove      list.o
    0x08008282   0x08008282   0x00000002   PAD
    0x08008284   0x08008284   0x00000014   Code   RO         5675    i.vApplicationGetIdleTaskMemory  cmsis_os2.o
    0x08008298   0x08008298   0x00000018   Code   RO         5676    i.vApplicationGetTimerTaskMemory  cmsis_os2.o
    0x080082b0   0x080082b0   0x00000016   Code   RO         4621    i.vListInitialise   list.o
    0x080082c6   0x080082c6   0x00000006   Code   RO         4622    i.vListInitialiseItem  list.o
    0x080082cc   0x080082cc   0x00000030   Code   RO         4623    i.vListInsert       list.o
    0x080082fc   0x080082fc   0x00000018   Code   RO         4624    i.vListInsertEnd    list.o
    0x08008314   0x08008314   0x00000040   Code   RO         6178    i.vPortEnterCritical  port.o
    0x08008354   0x08008354   0x00000028   Code   RO         6179    i.vPortExitCritical  port.o
    0x0800837c   0x0800837c   0x00000064   Code   RO         6122    i.vPortFree         heap_4.o
    0x080083e0   0x080083e0   0x00000024   Code   RO         6180    i.vPortSetupTimerInterrupt  port.o
    0x08008404   0x08008404   0x00000054   Code   RO         6181    i.vPortValidateInterruptPriority  port.o
    0x08008458   0x08008458   0x00000028   Code   RO         4671    i.vQueueAddToRegistry  queue.o
    0x08008480   0x08008480   0x00000044   Code   RO         4675    i.vQueueWaitForMessageRestricted  queue.o
    0x080084c4   0x080084c4   0x0000004c   Code   RO         5082    i.vTaskDelay        tasks.o
    0x08008510   0x08008510   0x0000008c   Code   RO         5083    i.vTaskDelayUntil   tasks.o
    0x0800859c   0x0800859c   0x00000090   Code   RO         5084    i.vTaskDelete       tasks.o
    0x0800862c   0x0800862c   0x00000010   Code   RO         5087    i.vTaskInternalSetTimeOutState  tasks.o
    0x0800863c   0x0800863c   0x0000000c   Code   RO         5088    i.vTaskMissedYield  tasks.o
    0x08008648   0x08008648   0x00000030   Code   RO         5090    i.vTaskPlaceOnEventList  tasks.o
    0x08008678   0x08008678   0x00000038   Code   RO         5091    i.vTaskPlaceOnEventListRestricted  tasks.o
    0x080086b0   0x080086b0   0x00000088   Code   RO         5099    i.vTaskStartScheduler  tasks.o
    0x08008738   0x08008738   0x00000010   Code   RO         5101    i.vTaskSuspendAll   tasks.o
    0x08008748   0x08008748   0x00000064   Code   RO         5102    i.vTaskSwitchContext  tasks.o
    0x080087ac   0x080087ac   0x000000f4   Code   RO         6182    i.xPortStartScheduler  port.o
    0x080088a0   0x080088a0   0x0000002c   Code   RO         6183    i.xPortSysTickHandler  port.o
    0x080088cc   0x080088cc   0x00000042   Code   RO         4680    i.xQueueGenericCreate  queue.o
    0x0800890e   0x0800890e   0x00000066   Code   RO         4681    i.xQueueGenericCreateStatic  queue.o
    0x08008974   0x08008974   0x00000088   Code   RO         4682    i.xQueueGenericReset  queue.o
    0x080089fc   0x080089fc   0x00000160   Code   RO         4683    i.xQueueGenericSend  queue.o
    0x08008b5c   0x08008b5c   0x000000be   Code   RO         4684    i.xQueueGenericSendFromISR  queue.o
    0x08008c1a   0x08008c1a   0x00000002   PAD
    0x08008c1c   0x08008c1c   0x00000138   Code   RO         4693    i.xQueueReceive     queue.o
    0x08008d54   0x08008d54   0x00000074   Code   RO         5104    i.xTaskCheckForTimeOut  tasks.o
    0x08008dc8   0x08008dc8   0x0000005a   Code   RO         5105    i.xTaskCreate       tasks.o
    0x08008e22   0x08008e22   0x00000056   Code   RO         5106    i.xTaskCreateStatic  tasks.o
    0x08008e78   0x08008e78   0x0000001c   Code   RO         5110    i.xTaskGetSchedulerState  tasks.o
    0x08008e94   0x08008e94   0x0000000c   Code   RO         5111    i.xTaskGetTickCount  tasks.o
    0x08008ea0   0x08008ea0   0x000000c8   Code   RO         5113    i.xTaskIncrementTick  tasks.o
    0x08008f68   0x08008f68   0x00000080   Code   RO         5116    i.xTaskPriorityDisinherit  tasks.o
    0x08008fe8   0x08008fe8   0x00000070   Code   RO         5118    i.xTaskRemoveFromEventList  tasks.o
    0x08009058   0x08009058   0x000000c4   Code   RO         5119    i.xTaskResumeAll    tasks.o
    0x0800911c   0x0800911c   0x00000060   Code   RO         5444    i.xTimerCreateTimerTask  timers.o
    0x0800917c   0x0800917c   0x00000068   Code   RO         5445    i.xTimerGenericCommand  timers.o
    0x080091e4   0x080091e4   0x0000002c   Code   RO         7854    locale$$code        c_w.l(lc_numeric_c.o)
    0x08009210   0x08009210   0x0000002c   Code   RO         7875    locale$$code        c_w.l(lc_ctype_c.o)
    0x0800923c   0x0800923c   0x00000062   Code   RO         7534    x$fpl$d2f           fz_wm.l(d2f.o)
    0x0800929e   0x0800929e   0x00000002   PAD
    0x080092a0   0x080092a0   0x00000150   Code   RO         7536    x$fpl$dadd          fz_wm.l(daddsub_clz.o)
    0x080093f0   0x080093f0   0x00000018   Code   RO         7700    x$fpl$dcmpinf       fz_wm.l(dcmpi.o)
    0x08009408   0x08009408   0x000002b0   Code   RO         7543    x$fpl$ddiv          fz_wm.l(ddiv.o)
    0x080096b8   0x080096b8   0x00000026   Code   RO         7554    x$fpl$dfltu         fz_wm.l(dflt_clz.o)
    0x080096de   0x080096de   0x00000002   PAD
    0x080096e0   0x080096e0   0x00000078   Code   RO         7560    x$fpl$dleqf         fz_wm.l(dleqf.o)
    0x08009758   0x08009758   0x00000154   Code   RO         7562    x$fpl$dmul          fz_wm.l(dmul.o)
    0x080098ac   0x080098ac   0x0000009c   Code   RO         7702    x$fpl$dnaninf       fz_wm.l(dnaninf.o)
    0x08009948   0x08009948   0x0000000c   Code   RO         7704    x$fpl$dretinf       fz_wm.l(dretinf.o)
    0x08009954   0x08009954   0x0000006c   Code   RO         7564    x$fpl$drleqf        fz_wm.l(drleqf.o)
    0x080099c0   0x080099c0   0x000001d4   Code   RO         7538    x$fpl$dsub          fz_wm.l(daddsub_clz.o)
    0x08009b94   0x08009b94   0x00000056   Code   RO         7566    x$fpl$f2d           fz_wm.l(f2d.o)
    0x08009bea   0x08009bea   0x0000008c   Code   RO         7708    x$fpl$fnaninf       fz_wm.l(fnaninf.o)
    0x08009c76   0x08009c76   0x0000000a   Code   RO         7941    x$fpl$fpinit        fz_wm.l(fpinit.o)
    0x08009c80   0x08009c80   0x0000000a   Code   RO         7710    x$fpl$fretinf       fz_wm.l(fretinf.o)
    0x08009c8a   0x08009c8a   0x00000004   Code   RO         7712    x$fpl$printf1       fz_wm.l(printf1.o)
    0x08009c8e   0x08009c8e   0x00000004   Code   RO         7714    x$fpl$printf2       fz_wm.l(printf2.o)
    0x08009c92   0x08009c92   0x00000000   Code   RO         7720    x$fpl$usenofp       fz_wm.l(usenofp.o)
    0x08009c92   0x08009c92   0x00000002   PAD
    0x08009c94   0x08009c94   0x00000270   Data   RO          268    .constdata          freertos.o
    0x08009f04   0x08009f04   0x00000008   Data   RO         2698    .constdata          stm32f4xx_hal_dma.o
    0x08009f0c   0x08009f0c   0x00000010   Data   RO         4428    .constdata          system_stm32f4xx.o
    0x08009f1c   0x08009f1c   0x00000008   Data   RO         4429    .constdata          system_stm32f4xx.o
    0x08009f24   0x08009f24   0x00000008   Data   RO         7622    .constdata          c_w.l(_printf_wctomb.o)
    0x08009f2c   0x08009f2c   0x00000028   Data   RO         7651    .constdata          c_w.l(_printf_hex_int_ll_ptr.o)
    0x08009f54   0x08009f54   0x00000011   Data   RO         7671    .constdata          c_w.l(__printf_flags_ss_wp.o)
    0x08009f65   0x08009f65   0x00000026   Data   RO         7801    .constdata          c_w.l(_printf_fp_hex.o)
    0x08009f8b   0x08009f8b   0x00000001   PAD
    0x08009f8c   0x08009f8c   0x00000094   Data   RO         7829    .constdata          c_w.l(bigflt0.o)
    0x0800a020   0x0800a020   0x000000e4   Data   RO          269    .conststring        freertos.o
    0x0800a104   0x0800a104   0x00000020   Data   RO         7997    Region$$Table       anon$$obj.o
    0x0800a124   0x0800a124   0x0000001c   Data   RO         7853    locale$$data        c_w.l(lc_numeric_c.o)
    0x0800a140   0x0800a140   0x00000110   Data   RO         7874    locale$$data        c_w.l(lc_ctype_c.o)


    Execution Region RW_IRAM1 (Exec base: 0x20000000, Load base: 0x0800a250, Size: 0x00009f88, Max: 0x0001c000, ABSOLUTE)

    Exec Addr    Load Addr    Size         Type   Attr      Idx    E Section Name        Object

    0x20000000   0x0800a250   0x0000004c   Data   RW          270    .data               freertos.o
    0x2000004c   0x0800a29c   0x0000000c   Data   RW         3143    .data               stm32f4xx_hal.o
    0x20000058   0x0800a2a8   0x00000004   Data   RW         4430    .data               system_stm32f4xx.o
    0x2000005c   0x0800a2ac   0x0000003c   Data   RW         5122    .data               tasks.o
    0x20000098   0x0800a2e8   0x00000014   Data   RW         5453    .data               timers.o
    0x200000ac   0x0800a2fc   0x00000004   Data   RW         5678    .data               cmsis_os2.o
    0x200000b0   0x0800a300   0x00000020   Data   RW         6128    .data               heap_4.o
    0x200000d0   0x0800a320   0x0000000c   Data   RW         6184    .data               port.o
    0x200000dc   0x0800a32c   0x00000010   Data   RW         6256    .data               buzzer.o
    0x200000ec   0x0800a33c   0x00000008   Data   RW         6461    .data               interaction.o
    0x200000f4   0x0800a344   0x00000001   Data   RW         6462    .data               interaction.o
    0x200000f5   0x0800a345   0x00000001   Data   RW         6463    .data               interaction.o
    0x200000f6   0x0800a346   0x00000001   Data   RW         6464    .data               interaction.o
    0x200000f7   0x0800a347   0x00000001   Data   RW         6783    .data               serial.o
    0x200000f8   0x0800a348   0x00000009   Data   RW         7431    .data               monitor.o
    0x20000101   0x0800a351   0x00000003   PAD
    0x20000104   0x0800a354   0x00000024   Data   RW         7467    .data               others.o
    0x20000128        -       0x000000a8   Zero   RW          377    .bss                adc.o
    0x200001d0        -       0x00000028   Zero   RW          419    .bss                can.o
    0x200001f8        -       0x00000054   Zero   RW          485    .bss                i2c.o
    0x2000024c        -       0x00000168   Zero   RW          532    .bss                tim.o
    0x200003b4        -       0x00000198   Zero   RW          601    .bss                usart.o
    0x2000054c        -       0x00000048   Zero   RW          832    .bss                stm32f4xx_hal_timebase_tim.o
    0x20000594        -       0x00000040   Zero   RW         4697    .bss                queue.o
    0x200005d4        -       0x000004c4   Zero   RW         5121    .bss                tasks.o
    0x20000a98        -       0x00000118   Zero   RW         5452    .bss                timers.o
    0x20000bb0        -       0x000006d8   Zero   RW         5677    .bss                cmsis_os2.o
    0x20001288        -       0x00008000   Zero   RW         6127    .bss                heap_4.o
    0x20009288        -       0x0000008c   Zero   RW         6335    .bss                c610.o
    0x20009314        -       0x000001f0   Zero   RW         6403    .bss                chassis.o
    0x20009504        -       0x00000024   Zero   RW         6459    .bss                interaction.o
    0x20009528        -       0x00000400   Zero   RW         6559    .bss                oled.o
    0x20009928        -       0x00000060   Zero   RW         7815    .bss                c_w.l(libspace.o)
    0x20009988        -       0x00000200   Zero   RW            2    HEAP                startup_stm32f407xx.o
    0x20009b88        -       0x00000400   Zero   RW            1    STACK               startup_stm32f407xx.o


    Execution Region RW_IRAM2 (Exec base: 0x2001c000, Load base: 0x0800a378, Size: 0x00000000, Max: 0x00004000, ABSOLUTE)

    **** No section assigned to this execution region ****


==============================================================================

Image component sizes


      Code (inc. data)   RO Data    RW Data    ZI Data      Debug   Object Name

       320         34          0          0        168       1923   adc.o
       272         26          0         16          0       3534   buzzer.o
      1144        118          0          0        140       6427   c610.o
       192         22          0          0         40       1777   can.o
       714        108          0          0        496       3995   chassis.o
       414         22          0          4       1752      66603   cmsis_os2.o
         0          0          0          0          0       7120   croutine.o
        60          4          0          0          0        854   dma.o
         0          0          0          0          0      19568   event_groups.o
       352         68        852         76          0       4356   freertos.o
       324         24          0          0          0       1199   gpio.o
       472         24          0         32      32768       5011   heap_4.o
       168         26          0          0         84       1757   i2c.o
      3802        708          0         11         36       6545   interaction.o
       138          0          0          0          0       3690   list.o
       250         16          0          0          0     731236   main.o
       248         38          0          9          0       1405   monitor.o
       620         30          0          0       1024       8474   oled.o
      1104        112          0         36          0       3341   others.o
       786         82          0         12          0      11801   port.o
      1580         20          0          0         64      18838   queue.o
        64         10          0          1          0        942   serial.o
        64         26        392          0       1536        864   startup_stm32f407xx.o
       116         18          0         12          0       8898   stm32f4xx_hal.o
      1452         90          0          0          0       8617   stm32f4xx_hal_adc.o
      1716          6          0          0          0      16410   stm32f4xx_hal_can.o
       158         14          0          0          0      33154   stm32f4xx_hal_cortex.o
      1084         16          8          0          0       7574   stm32f4xx_hal_dma.o
       516         46          0          0          0       2947   stm32f4xx_hal_gpio.o
       392         16          0          0          0       3275   stm32f4xx_hal_i2c.o
        56          4          0          0          0        910   stm32f4xx_hal_msp.o
      1408         82          0          0          0       6069   stm32f4xx_hal_rcc.o
      1656        138          0          0          0      14167   stm32f4xx_hal_tim.o
       232         28          0          0          0       3429   stm32f4xx_hal_tim_ex.o
       152         20          0          0         72     720911   stm32f4xx_hal_timebase_tim.o
      1944         30          0          0          0      16356   stm32f4xx_hal_uart.o
       588         84          0          0          0       6974   stm32f4xx_it.o
         0          0          0          0          0        384   stream_buffer.o
        16          4         24          4          0       1199   system_stm32f4xx.o
      2368        190          0         60       1220      29628   tasks.o
      1120         92          0          0        360       5677   tim.o
       972         80          0         20        280      32559   timers.o
       564         66          0          0        408       3454   usart.o

    ----------------------------------------------------------------------
     29648       2542       1308        296      40448    1833852   Object Totals
         0          0         32          0          0          0   (incl. Generated)
        50          0          0          3          0          0   (incl. Padding)

    ----------------------------------------------------------------------

      Code (inc. data)   RO Data    RW Data    ZI Data      Debug   Library Member Name

         8          0          0          0          0         68   __main.o
       392          4         17          0          0         92   __printf_flags_ss_wp.o
        14          0          0          0          0         68   __printf_wp.o
         0          0          0          0          0          0   __rtentry.o
        12          0          0          0          0          0   __rtentry2.o
         6          0          0          0          0          0   __rtentry4.o
        52          8          0          0          0          0   __scatter.o
        26          0          0          0          0          0   __scatter_copy.o
        28          0          0          0          0          0   __scatter_zi.o
         6          0          0          0          0          0   _printf_a.o
         6          0          0          0          0          0   _printf_c.o
        44          0          0          0          0        108   _printf_char.o
        48          6          0          0          0         96   _printf_char_common.o
        40          0          0          0          0         68   _printf_charcount.o
         6          0          0          0          0          0   _printf_d.o
       120         16          0          0          0         92   _printf_dec.o
         6          0          0          0          0          0   _printf_e.o
         6          0          0          0          0          0   _printf_f.o
      1054          0          0          0          0        216   _printf_fp_dec.o
       764          8         38          0          0        100   _printf_fp_hex.o
       128         16          0          0          0         84   _printf_fp_infnan.o
         6          0          0          0          0          0   _printf_g.o
       148          4         40          0          0        160   _printf_hex_int_ll_ptr.o
         6          0          0          0          0          0   _printf_i.o
       178          0          0          0          0         88   _printf_intcommon.o
        10          0          0          0          0          0   _printf_l.o
         6          0          0          0          0          0   _printf_lc.o
        10          0          0          0          0          0   _printf_ll.o
         6          0          0          0          0          0   _printf_lld.o
         6          0          0          0          0          0   _printf_lli.o
         6          0          0          0          0          0   _printf_llo.o
         6          0          0          0          0          0   _printf_llu.o
         6          0          0          0          0          0   _printf_llx.o
       124         16          0          0          0         92   _printf_longlong_dec.o
         6          0          0          0          0          0   _printf_ls.o
         6          0          0          0          0          0   _printf_n.o
         6          0          0          0          0          0   _printf_o.o
       112         10          0          0          0        124   _printf_oct_int_ll.o
         6          0          0          0          0          0   _printf_p.o
        78          0          0          0          0        108   _printf_pad.o
         0          0          0          0          0          0   _printf_percent.o
         4          0          0          0          0          0   _printf_percent_end.o
         6          0          0          0          0          0   _printf_s.o
        82          0          0          0          0         80   _printf_str.o
        36          0          0          0          0         84   _printf_truncate.o
         6          0          0          0          0          0   _printf_u.o
        44          0          0          0          0        108   _printf_wchar.o
       188          6          8          0          0         92   _printf_wctomb.o
         6          0          0          0          0          0   _printf_x.o
        10          0          0          0          0         68   _sputc.o
        64          0          0          0          0         92   _wcrtomb.o
        16          0          0          0          0         68   aeabi_memset.o
       228          4        148          0          0         96   bigflt0.o
      1936        128          0          0          0        672   btod.o
        18          0          0          0          0         80   exit.o
         6          0          0          0          0        152   heapauxi.o
         0          0          0          0          0          0   indicate_semi.o
        44         10        272          0          0         76   lc_ctype_c.o
        44         10         28          0          0         76   lc_numeric_c.o
         2          0          0          0          0          0   libinit.o
        34          0          0          0          0          0   libinit2.o
         2          0          0          0          0          0   libshutdown.o
         2          0          0          0          0          0   libshutdown2.o
         8          4          0          0         96         68   libspace.o
       138          0          0          0          0         80   lludiv10.o
       238          0          0          0          0        100   lludivv7m.o
        16          4          0          0          0         76   rt_ctype_table.o
         8          4          0          0          0         68   rt_locale_intlibspace.o
        68          0          0          0          0         68   rt_memclr.o
        78          0          0          0          0         80   rt_memclr_w.o
       138          0          0          0          0         68   rt_memcpy_v6.o
       100          0          0          0          0         80   rt_memcpy_w.o
         2          0          0          0          0          0   rtexit.o
        10          0          0          0          0          0   rtexit2.o
       128          0          0          0          0         68   strcmpv7m.o
        12          4          0          0          0         68   sys_exit.o
        74          0          0          0          0         80   sys_stackheap_outer.o
         2          0          0          0          0         68   use_no_semi.o
        36          4          0          0          0         76   vsprintf.o
        98          4          0          0          0        140   d2f.o
       804         16          0          0          0        368   daddsub_clz.o
        24          0          0          0          0        116   dcmpi.o
       688        140          0          0          0        256   ddiv.o
        38          0          0          0          0        116   dflt_clz.o
       120          4          0          0          0        140   dleqf.o
       340         12          0          0          0        152   dmul.o
       156          4          0          0          0        140   dnaninf.o
        12          0          0          0          0        116   dretinf.o
       108          0          0          0          0        128   drleqf.o
        86          4          0          0          0        132   f2d.o
       140          4          0          0          0        132   fnaninf.o
        10          0          0          0          0        116   fpinit.o
        10          0          0          0          0        116   fretinf.o
         4          0          0          0          0        116   printf1.o
         4          0          0          0          0        116   printf2.o
         0          0          0          0          0          0   usenofp.o
        48          0          0          0          0        124   fpclassify.o

    ----------------------------------------------------------------------
     10044        454        552          0         96       6880   Library Totals
        22          0          1          0          0          0   (incl. Padding)

    ----------------------------------------------------------------------

      Code (inc. data)   RO Data    RW Data    ZI Data      Debug   Library Name

      7332        266        551          0         96       4356   c_w.l
      2642        188          0          0          0       2400   fz_wm.l
        48          0          0          0          0        124   m_wm.l

    ----------------------------------------------------------------------
     10044        454        552          0         96       6880   Library Totals

    ----------------------------------------------------------------------

==============================================================================


      Code (inc. data)   RO Data    RW Data    ZI Data      Debug   

     39692       2996       1860        296      40544    1812640   Grand Totals
     39692       2996       1860        296      40544    1812640   ELF Image Totals
     39692       2996       1860        296          0          0   ROM Totals

==============================================================================

    Total RO  Size (Code + RO Data)                41552 (  40.58kB)
    Total RW  Size (RW Data + ZI Data)             40840 (  39.88kB)
    Total ROM Size (Code + RO Data + RW Data)      41848 (  40.87kB)

==============================================================================

